###############################################################################
#
# IAR ELF Linker V7.80.4.12462/W32 for ARM                26/Aug/2017  11:04:53
# Copyright 2007-2017 IAR Systems AB.
#
#    Output file  =  
#        C:\RICNU-Knee-HLCI\RICNU-Plan\RICNU-Plan-STM32\Project\EWARM\STM32F051\Exe\Project.out
#    Map file     =  
#        C:\RICNU-Knee-HLCI\RICNU-Plan\RICNU-Plan-STM32\Project\EWARM\STM32F051\List\Project.map
#    Command line =  
#        C:\RICNU-Knee-HLCI\RICNU-Plan\RICNU-Plan-STM32\Project\EWARM\STM32F051\Obj\cmd-RICNU_Knee_v1.o
#        C:\RICNU-Knee-HLCI\RICNU-Plan\RICNU-Plan-STM32\Project\EWARM\STM32F051\Obj\dynamic_user_structs_common.o
#        C:\RICNU-Knee-HLCI\RICNU-Plan\RICNU-Plan-STM32\Project\EWARM\STM32F051\Obj\dynamic_user_structs_plan.o
#        C:\RICNU-Knee-HLCI\RICNU-Plan\RICNU-Plan-STM32\Project\EWARM\STM32F051\Obj\ff.o
#        C:\RICNU-Knee-HLCI\RICNU-Plan\RICNU-Plan-STM32\Project\EWARM\STM32F051\Obj\ffsystem.o
#        C:\RICNU-Knee-HLCI\RICNU-Plan\RICNU-Plan-STM32\Project\EWARM\STM32F051\Obj\ffunicode.o
#        C:\RICNU-Knee-HLCI\RICNU-Plan\RICNU-Plan-STM32\Project\EWARM\STM32F051\Obj\flexsea.o
#        C:\RICNU-Knee-HLCI\RICNU-Plan\RICNU-Plan-STM32\Project\EWARM\STM32F051\Obj\flexsea_board.o
#        C:\RICNU-Knee-HLCI\RICNU-Plan\RICNU-Plan-STM32\Project\EWARM\STM32F051\Obj\flexsea_buffers.o
#        C:\RICNU-Knee-HLCI\RICNU-Plan\RICNU-Plan-STM32\Project\EWARM\STM32F051\Obj\flexsea_circular_buffer.o
#        C:\RICNU-Knee-HLCI\RICNU-Plan\RICNU-Plan-STM32\Project\EWARM\STM32F051\Obj\flexsea_cmd_calibration.o
#        C:\RICNU-Knee-HLCI\RICNU-Plan\RICNU-Plan-STM32\Project\EWARM\STM32F051\Obj\flexsea_cmd_control_1.o
#        C:\RICNU-Knee-HLCI\RICNU-Plan\RICNU-Plan-STM32\Project\EWARM\STM32F051\Obj\flexsea_cmd_control_2.o
#        C:\RICNU-Knee-HLCI\RICNU-Plan\RICNU-Plan-STM32\Project\EWARM\STM32F051\Obj\flexsea_cmd_data.o
#        C:\RICNU-Knee-HLCI\RICNU-Plan\RICNU-Plan-STM32\Project\EWARM\STM32F051\Obj\flexsea_cmd_external.o
#        C:\RICNU-Knee-HLCI\RICNU-Plan\RICNU-Plan-STM32\Project\EWARM\STM32F051\Obj\flexsea_cmd_in_control.o
#        C:\RICNU-Knee-HLCI\RICNU-Plan\RICNU-Plan-STM32\Project\EWARM\STM32F051\Obj\flexsea_cmd_sensors.o
#        C:\RICNU-Knee-HLCI\RICNU-Plan\RICNU-Plan-STM32\Project\EWARM\STM32F051\Obj\flexsea_cmd_stream.o
#        C:\RICNU-Knee-HLCI\RICNU-Plan\RICNU-Plan-STM32\Project\EWARM\STM32F051\Obj\flexsea_cmd_tools.o
#        C:\RICNU-Knee-HLCI\RICNU-Plan\RICNU-Plan-STM32\Project\EWARM\STM32F051\Obj\flexsea_cmd_user.o
#        C:\RICNU-Knee-HLCI\RICNU-Plan\RICNU-Plan-STM32\Project\EWARM\STM32F051\Obj\flexsea_comm.o
#        C:\RICNU-Knee-HLCI\RICNU-Plan\RICNU-Plan-STM32\Project\EWARM\STM32F051\Obj\flexsea_global_structs.o
#        C:\RICNU-Knee-HLCI\RICNU-Plan\RICNU-Plan-STM32\Project\EWARM\STM32F051\Obj\flexsea_payload.o
#        C:\RICNU-Knee-HLCI\RICNU-Plan\RICNU-Plan-STM32\Project\EWARM\STM32F051\Obj\flexsea_system.o
#        C:\RICNU-Knee-HLCI\RICNU-Plan\RICNU-Plan-STM32\Project\EWARM\STM32F051\Obj\flexsea_user_structs.o
#        C:\RICNU-Knee-HLCI\RICNU-Plan\RICNU-Plan-STM32\Project\EWARM\STM32F051\Obj\jsmn.o
#        C:\RICNU-Knee-HLCI\RICNU-Plan\RICNU-Plan-STM32\Project\EWARM\STM32F051\Obj\main.o
#        C:\RICNU-Knee-HLCI\RICNU-Plan\RICNU-Plan-STM32\Project\EWARM\STM32F051\Obj\plan_comm.o
#        C:\RICNU-Knee-HLCI\RICNU-Plan\RICNU-Plan-STM32\Project\EWARM\STM32F051\Obj\plan_config.o
#        C:\RICNU-Knee-HLCI\RICNU-Plan\RICNU-Plan-STM32\Project\EWARM\STM32F051\Obj\plan_fatfs.o
#        C:\RICNU-Knee-HLCI\RICNU-Plan\RICNU-Plan-STM32\Project\EWARM\STM32F051\Obj\plan_led.o
#        C:\RICNU-Knee-HLCI\RICNU-Plan\RICNU-Plan-STM32\Project\EWARM\STM32F051\Obj\plan_sd.o
#        C:\RICNU-Knee-HLCI\RICNU-Plan\RICNU-Plan-STM32\Project\EWARM\STM32F051\Obj\plan_state_system.o
#        C:\RICNU-Knee-HLCI\RICNU-Plan\RICNU-Plan-STM32\Project\EWARM\STM32F051\Obj\plan_utilities.o
#        C:\RICNU-Knee-HLCI\RICNU-Plan\RICNU-Plan-STM32\Project\EWARM\STM32F051\Obj\startup_stm32f051.o
#        C:\RICNU-Knee-HLCI\RICNU-Plan\RICNU-Plan-STM32\Project\EWARM\STM32F051\Obj\stm32f0xx_can.o
#        C:\RICNU-Knee-HLCI\RICNU-Plan\RICNU-Plan-STM32\Project\EWARM\STM32F051\Obj\stm32f0xx_crs.o
#        C:\RICNU-Knee-HLCI\RICNU-Plan\RICNU-Plan-STM32\Project\EWARM\STM32F051\Obj\stm32f0xx_dma.o
#        C:\RICNU-Knee-HLCI\RICNU-Plan\RICNU-Plan-STM32\Project\EWARM\STM32F051\Obj\stm32f0xx_exti.o
#        C:\RICNU-Knee-HLCI\RICNU-Plan\RICNU-Plan-STM32\Project\EWARM\STM32F051\Obj\stm32f0xx_gpio.o
#        C:\RICNU-Knee-HLCI\RICNU-Plan\RICNU-Plan-STM32\Project\EWARM\STM32F051\Obj\stm32f0xx_it.o
#        C:\RICNU-Knee-HLCI\RICNU-Plan\RICNU-Plan-STM32\Project\EWARM\STM32F051\Obj\stm32f0xx_misc.o
#        C:\RICNU-Knee-HLCI\RICNU-Plan\RICNU-Plan-STM32\Project\EWARM\STM32F051\Obj\stm32f0xx_pwr.o
#        C:\RICNU-Knee-HLCI\RICNU-Plan\RICNU-Plan-STM32\Project\EWARM\STM32F051\Obj\stm32f0xx_rcc.o
#        C:\RICNU-Knee-HLCI\RICNU-Plan\RICNU-Plan-STM32\Project\EWARM\STM32F051\Obj\stm32f0xx_spi.o
#        C:\RICNU-Knee-HLCI\RICNU-Plan\RICNU-Plan-STM32\Project\EWARM\STM32F051\Obj\stm32f0xx_syscfg.o
#        C:\RICNU-Knee-HLCI\RICNU-Plan\RICNU-Plan-STM32\Project\EWARM\STM32F051\Obj\stm32f0xx_tim.o
#        C:\RICNU-Knee-HLCI\RICNU-Plan\RICNU-Plan-STM32\Project\EWARM\STM32F051\Obj\stm32f0xx_usart.o
#        C:\RICNU-Knee-HLCI\RICNU-Plan\RICNU-Plan-STM32\Project\EWARM\STM32F051\Obj\system_stm32f0xx.o
#        --redirect _Printf=_PrintfSmall --redirect _Scanf=_ScanfSmall -o
#        C:\RICNU-Knee-HLCI\RICNU-Plan\RICNU-Plan-STM32\Project\EWARM\STM32F051\Exe\Project.out
#        --map
#        C:\RICNU-Knee-HLCI\RICNU-Plan\RICNU-Plan-STM32\Project\EWARM\STM32F051\List\Project.map
#        --config
#        C:\RICNU-Knee-HLCI\RICNU-Plan\RICNU-Plan-STM32\Project\EWARM\stm32f051_flash.icf
#        --semihosting --entry __iar_program_start --vfe
#
###############################################################################

*******************************************************************************
*** RUNTIME MODEL ATTRIBUTES
***

CppFlavor       = *
__Heap_Handler  = Basic
__SystemLibrary = DLib


*******************************************************************************
*** PLACEMENT SUMMARY
***

"A0":  place at 0x08000000 { ro section .intvec };
"P1":  place in [from 0x08000000 to 0x0800ffff] { ro };
"P2":  place in [from 0x20000000 to 0x20001fff] { rw, block CSTACK, block HEAP };
initialize by copy { rw };

  Section            Kind        Address    Size  Object
  -------            ----        -------    ----  ------
"A0":                                       0xc0
  .intvec            ro code  0x08000000    0xc0  startup_stm32f051.o [1]
                            - 0x080000c0    0xc0

"P1":                                     0x3a80
  .text              ro code  0x080000c0  0x1520  ff.o [1]
  .text              ro code  0x080015e0    0xb0  plan_fatfs.o [1]
  .text              ro code  0x08001690   0x488  ffunicode.o [1]
  .text              ro code  0x08001b18    0xae  I32DivModFast.o [4]
  .text              ro code  0x08001bc6     0x2  startup_stm32f051.o [1]
  .text              ro code  0x08001bc8   0x312  plan_sd.o [1]
  .text              ro code  0x08001eda     0x2  startup_stm32f051.o [1]
  .text              ro code  0x08001edc   0x164  plan_utilities.o [1]
  .text              ro code  0x08002040     0x2  IntDivZer.o [4]
  .text              ro code  0x08002042     0x2  startup_stm32f051.o [1]
  .text              ro code  0x08002044    0x94  stm32f0xx_gpio.o [1]
  .text              ro code  0x080020d8    0xea  stm32f0xx_spi.o [1]
  .text              ro code  0x080021c2     0x2  startup_stm32f051.o [1]
  .text              ro code  0x080021c4   0x1c4  stm32f0xx_rcc.o [1]
  .text              ro code  0x08002388   0x426  plan_config.o [1]
  .text              ro code  0x080027ae     0x2  startup_stm32f051.o [1]
  .text              ro code  0x080027b0    0xea  stm32f0xx_usart.o [1]
  .text              ro code  0x0800289a     0x2  startup_stm32f051.o [1]
  .text              ro code  0x0800289c    0x44  stm32f0xx_syscfg.o [1]
  .text              ro code  0x080028e0   0x15c  stm32f0xx_dma.o [1]
  .text              ro code  0x08002a3c    0x54  stm32f0xx_misc.o [1]
  .text              ro code  0x08002a90    0x88  stm32f0xx_exti.o [1]
  .text              ro code  0x08002b18   0x306  jsmn.o [1]
  .text              ro code  0x08002e1e     0x2  startup_stm32f051.o [1]
  .text              ro code  0x08002e20   0x2e0  cmd-RICNU_Knee_v1.o [1]
  .text              ro code  0x08003100    0x72  flexsea.o [1]
  .text              ro code  0x08003172     0x2  startup_stm32f051.o [1]
  .text              ro code  0x08003174   0x10c  flexsea_system.o [1]
  .text              ro code  0x08003280    0x20  flexsea_cmd_user.o [1]
  .text              ro code  0x080032a0    0x10  flexsea_board.o [1]
  .text              ro code  0x080032b0    0x16  flexsea_payload.o [1]
  .text              ro code  0x080032c6     0x2  startup_stm32f051.o [1]
  .text              ro code  0x080032c8    0x5c  ABImemcpy.o [4]
  .text              ro code  0x08003324    0xac  flexsea_comm.o [1]
  .text              ro code  0x080033d0    0x54  ABImemset.o [4]
  .text              ro code  0x08003424   0x19c  stm32f0xx_it.o [1]
  .text              ro code  0x080035c0    0x54  plan_state_system.o [1]
  .text              ro code  0x08003614    0x10  strlen.o [4]
  .text              ro code  0x08003624   0x15c  main.o [1]
  .text              ro code  0x08003780   0x124  plan_comm.o [1]
  .text              ro code  0x080038a4    0x2c  plan_led.o [1]
  .text              ro code  0x080038d0    0xf0  system_stm32f0xx.o [1]
  .text              ro code  0x080039c0    0x3c  startup_stm32f051.o [1]
  .text              ro code  0x080039fc    0x3c  zero_init3.o [4]
  .text              ro code  0x08003a38    0x30  copy_init3.o [4]
  .text              ro code  0x08003a68    0x28  data_init.o [4]
  .iar.init_table    const    0x08003a90    0x24  - Linker created -
  .text              ro code  0x08003ab4    0x1a  cmain.o [4]
  .text              ro code  0x08003ace     0x4  low_level_init.o [3]
  .text              ro code  0x08003ad2     0x8  exit.o [3]
  .text              ro code  0x08003ada     0x2  startup_stm32f051.o [1]
  .text              ro code  0x08003adc     0xa  cexit.o [4]
  .text              ro code  0x08003ae6     0x2  startup_stm32f051.o [1]
  .text              ro code  0x08003ae8    0x14  exit.o [5]
  Initializer bytes  const    0x08003afc    0x1c  <for P2-1>
  .text              ro code  0x08003b18     0xc  cstartup_M.o [4]
  .text              ro code  0x08003b24     0x2  startup_stm32f051.o [1]
  .text              ro code  0x08003b26     0x2  startup_stm32f051.o [1]
  .text              ro code  0x08003b28     0x2  startup_stm32f051.o [1]
  .text              ro code  0x08003b2a     0x2  startup_stm32f051.o [1]
  .text              ro code  0x08003b2c     0x2  startup_stm32f051.o [1]
  .text              ro code  0x08003b2e     0x2  startup_stm32f051.o [1]
  .text              ro code  0x08003b30     0x2  startup_stm32f051.o [1]
  .text              ro code  0x08003b32     0x2  startup_stm32f051.o [1]
  .text              ro code  0x08003b34     0x2  startup_stm32f051.o [1]
  .text              ro code  0x08003b36     0x2  startup_stm32f051.o [1]
  .text              ro code  0x08003b38     0x2  startup_stm32f051.o [1]
  .text              ro code  0x08003b3a     0x2  startup_stm32f051.o [1]
  .text              ro code  0x08003b3c     0x2  startup_stm32f051.o [1]
  .text              ro code  0x08003b3e     0x2  startup_stm32f051.o [1]
  .rodata            const    0x08003b40     0x0  zero_init3.o [4]
  .rodata            const    0x08003b40     0x0  copy_init3.o [4]
                            - 0x08003b40  0x3a80

"P2", part 1 of 3:                          0x1c
  P2-1                        0x20000000    0x1a  <Init block>
    .data            inited   0x20000000     0x8  main.o [1]
    .data            inited   0x20000008    0x10  stm32f0xx_rcc.o [1]
    .data            inited   0x20000018     0x1  flexsea_board.o [1]
    .data            inited   0x20000019     0x1  plan_fatfs.o [1]
                            - 0x2000001a    0x1a

"P2", part 2 of 3:                         0x800
  CSTACK                      0x20000020   0x800  <Block>
    CSTACK           uninit   0x20000020   0x800  <Block tail>
                            - 0x20000820   0x800

"P2", part 3 of 3:                        0x1128
  .bss               zero     0x20000820   0x9f0  flexsea_comm.o [1]
  .bss               zero     0x20001210   0x5f4  flexsea.o [1]
  .bss               zero     0x20001804    0x34  flexsea_global_structs.o [1]
  .bss               zero     0x20001838    0x30  flexsea_comm.o [1]
  .bss               zero     0x20001868    0x30  flexsea_system.o [1]
  .bss               zero     0x20001898    0x30  main.o [1]
  .bss               zero     0x200018c8    0x24  flexsea_system.o [1]
  .bss               zero     0x200018ec    0x20  flexsea_global_structs.o [1]
  .bss               zero     0x2000190c    0x1c  main.o [1]
  .bss               zero     0x20001928     0x8  ff.o [1]
  .bss               zero     0x20001930     0x8  flexsea_comm.o [1]
  .bss               zero     0x20001938     0x8  plan_sd.o [1]
  .bss               zero     0x20001940     0x2  flexsea_system.o [1]
  .bss               zero     0x20001942     0x2  main.o [1]
  .bss               zero     0x20001944     0x1  flexsea_system.o [1]
  .bss               zero     0x20001945     0x1  flexsea_system.o [1]
  .bss               zero     0x20001946     0x1  plan_fatfs.o [1]
                            - 0x20001947  0x1127


*******************************************************************************
*** INIT TABLE
***

          Address     Size
          -------     ----
Zero (__iar_zero_init3)
    1 destination range, total size 0x1127:
          0x20000820  0x1127

Copy (__iar_copy_init3)
    1 source range, total size 0x1c (107% of destination):
          0x08003afc    0x1c
    1 destination range, total size 0x1a:
          0x20000000    0x1a



*******************************************************************************
*** MODULE SUMMARY
***

    Module                    ro code  ro data  rw data
    ------                    -------  -------  -------
C:\RICNU-Knee-HLCI\RICNU-Plan\RICNU-Plan-STM32\Project\EWARM\STM32F051\Obj: [1]
    cmd-RICNU_Knee_v1.o           736
    ff.o                        5 408                 8
    ffunicode.o                 1 160
    flexsea.o                     114             1 524
    flexsea_board.o                16        1        1
    flexsea_cmd_user.o             32
    flexsea_comm.o                172             2 600
    flexsea_global_structs.o                         84
    flexsea_payload.o              22
    flexsea_system.o              268                88
    jsmn.o                        774
    main.o                        348        8       86
    plan_comm.o                   292
    plan_config.o               1 062
    plan_fatfs.o                  176        1        2
    plan_led.o                     44
    plan_sd.o                     786                 8
    plan_state_system.o            84
    plan_utilities.o              356
    startup_stm32f051.o           302
    stm32f0xx_dma.o               348
    stm32f0xx_exti.o              136
    stm32f0xx_gpio.o              148
    stm32f0xx_it.o                412
    stm32f0xx_misc.o               84
    stm32f0xx_rcc.o               452       16       16
    stm32f0xx_spi.o               234
    stm32f0xx_syscfg.o             68
    stm32f0xx_usart.o             234
    system_stm32f0xx.o            240
    ---------------------------------------------------
    Total:                     14 508       26    4 417

command line: [2]
    ---------------------------------------------------
    Total:

dl6M_tln.a: [3]
    exit.o                          8
    low_level_init.o                4
    ---------------------------------------------------
    Total:                         12

rt6M_tl.a: [4]
    ABImemcpy.o                    92
    ABImemset.o                    84
    I32DivModFast.o               174
    IntDivZer.o                     2
    cexit.o                        10
    cmain.o                        26
    copy_init3.o                   48
    cstartup_M.o                   12
    data_init.o                    40
    strlen.o                       16
    zero_init3.o                   60
    ---------------------------------------------------
    Total:                        564

shb_l.a: [5]
    exit.o                         20
    ---------------------------------------------------
    Total:                         20

    Linker created                          38    2 048
-------------------------------------------------------
    Grand Total:               15 104       64    6 465


*******************************************************************************
*** ENTRY LIST
***

Entry                      Address   Size  Type      Object
-----                      -------   ----  ----      ------
.iar.init_table$$Base   0x08003a90          --   Gb  - Linker created -
.iar.init_table$$Limit  0x08003ab4          --   Gb  - Linker created -
?main                   0x08003ab5         Code  Gb  cmain.o [4]
APBAHBPrescTable        0x20000008   0x10  Data  Lc  stm32f0xx_rcc.o [1]
CSTACK$$Base            0x20000020          --   Gb  - Linker created -
CSTACK$$Limit           0x20000820          --   Gb  - Linker created -
DMA1_Channel2_3_IRQHandler
                        0x08003513   0x48  Code  Gb  stm32f0xx_it.o [1]
DMA1_Channel4_5_IRQHandler
                        0x0800355b   0x3a  Code  Gb  stm32f0xx_it.o [1]
DMA_ClearITPendingBit   0x080029f5    0x2  Code  Gb  stm32f0xx_dma.o [1]
DMA_Cmd                 0x080029b5   0x14  Code  Gb  stm32f0xx_dma.o [1]
DMA_DeInit              0x080028e1   0x9e  Code  Gb  stm32f0xx_dma.o [1]
DMA_GetITStatus         0x080029db    0x2  Code  Gb  stm32f0xx_dma.o [1]
DMA_ITConfig            0x080029c9   0x12  Code  Gb  stm32f0xx_dma.o [1]
DMA_Init                0x0800297f   0x36  Code  Gb  stm32f0xx_dma.o [1]
DMA_config              0x080025e7  0x104  Code  Gb  plan_config.o [1]
EXTI0_1_IRQHandler      0x08003453   0x88  Code  Gb  stm32f0xx_it.o [1]
EXTI2_3_IRQHandler      0x080034db   0x38  Code  Gb  stm32f0xx_it.o [1]
EXTI_ClearITPendingBit  0x08002b09    0x6  Code  Gb  stm32f0xx_exti.o [1]
EXTI_GetITStatus        0x08002af7    0x2  Code  Gb  stm32f0xx_exti.o [1]
EXTI_Init               0x08002a91   0x66  Code  Gb  stm32f0xx_exti.o [1]
EXTI_config             0x0800276b   0x44  Code  Gb  plan_config.o [1]
ExCvt                   0x08000cbc   0x80  Data  Lc  ff.o [1]
FatFs                   0x2000192c    0x4  Data  Lc  ff.o [1]
Fsid                    0x20001928    0x2  Data  Lc  ff.o [1]
GPIO_Init               0x08002045   0x6a  Code  Gb  stm32f0xx_gpio.o [1]
GPIO_PinAFConfig        0x080020b7   0x22  Code  Gb  stm32f0xx_gpio.o [1]
GPIO_ResetBits          0x080020b3    0x4  Code  Gb  stm32f0xx_gpio.o [1]
GPIO_SetBits            0x080020af    0x4  Code  Gb  stm32f0xx_gpio.o [1]
GPIO_ToggleBits         0x08001f11    0x8  Code  Gb  plan_utilities.o [1]
GPIO_config             0x08002389  0x1bc  Code  Gb  plan_config.o [1]
HardFault_Handler       0x08003427    0xe  Code  Gb  stm32f0xx_it.o [1]
LED_config              0x080038a5   0x2c  Code  Gb  plan_led.o [1]
LED_err_count           0x20000004    0x4  Data  Gb  main.o [1]
LfnOfs                  0x08000a60   0x10  Data  Lc  ff.o [1]
NMI_Handler             0x08003425    0x2  Code  Gb  stm32f0xx_it.o [1]
NVIC_Init               0x08002a3d   0x48  Code  Gb  stm32f0xx_misc.o [1]
NVIC_SetPriority        0x08001edd   0x34  Code  Lc  plan_utilities.o [1]
NVIC_config             0x08002725   0x44  Code  Gb  plan_config.o [1]
PendSV_Handler          0x08003437    0x2  Code  Gb  stm32f0xx_it.o [1]
RCC_AHBPeriphClockCmd   0x08002315   0x14  Code  Gb  stm32f0xx_rcc.o [1]
RCC_APB1PeriphResetCmd  0x08002351   0x14  Code  Gb  stm32f0xx_rcc.o [1]
RCC_APB2PeriphClockCmd  0x08002329   0x14  Code  Gb  stm32f0xx_rcc.o [1]
RCC_APB2PeriphResetCmd  0x0800233d   0x14  Code  Gb  stm32f0xx_rcc.o [1]
RCC_GetClocksFreq       0x080021c5  0x14a  Code  Gb  stm32f0xx_rcc.o [1]
REBUILD_UINT16          0x08003119   0x14  Code  Gb  flexsea.o [1]
REBUILD_UINT32          0x08003153   0x20  Code  Gb  flexsea.o [1]
RTC_config              0x08002769    0x2  Code  Gb  plan_config.o [1]
Region$$Table$$Base     0x08003a90          --   Gb  - Linker created -
Region$$Table$$Limit    0x08003ab4          --   Gb  - Linker created -
SD_Detect               0x08001bc9   0x10  Code  Gb  plan_sd.o [1]
SD_Init                 0x08001bd9  0x170  Code  Gb  plan_sd.o [1]
SD_ReadData             0x08001e2b   0x52  Code  Gb  plan_sd.o [1]
SD_SendCmd              0x08001d49   0xe2  Code  Gb  plan_sd.o [1]
SPI_Cmd                 0x08002157   0x14  Code  Gb  stm32f0xx_spi.o [1]
SPI_I2S_DMACmd          0x08002199    0xe  Code  Gb  stm32f0xx_spi.o [1]
SPI_I2S_DeInit          0x080020d9   0x36  Code  Gb  stm32f0xx_spi.o [1]
SPI_I2S_GetFlagStatus   0x080021b5    0xe  Code  Gb  stm32f0xx_spi.o [1]
SPI_Init                0x0800210f   0x48  Code  Gb  stm32f0xx_spi.o [1]
SPI_ReadByte            0x08001ed1    0xa  Code  Gb  plan_sd.o [1]
SPI_ReceiveData8        0x08002177    0x6  Code  Gb  stm32f0xx_spi.o [1]
SPI_RxFIFOThresholdConfig
                        0x0800216b    0x6  Code  Gb  stm32f0xx_spi.o [1]
SPI_SendData8           0x08002171    0x6  Code  Gb  stm32f0xx_spi.o [1]
SPI_WriteByte           0x08001e7d   0x2e  Code  Gb  plan_sd.o [1]
SPI_config              0x08002545   0x58  Code  Gb  plan_config.o [1]
SPLIT_16                0x08003103   0x16  Code  Gb  flexsea.o [1]
SPLIT_32                0x0800312d   0x26  Code  Gb  flexsea.o [1]
SVC_Handler             0x08003435    0x2  Code  Gb  stm32f0xx_it.o [1]
SYSCFG_DMAChannelRemapConfig
                        0x0800289d   0x14  Code  Gb  stm32f0xx_syscfg.o [1]
SYSCFG_EXTILineConfig   0x080028b1   0x28  Code  Gb  stm32f0xx_syscfg.o [1]
SysTick_Handler         0x08003439   0x1a  Code  Gb  stm32f0xx_it.o [1]
SystemInit              0x080038d1   0xd0  Code  Gb  system_stm32f0xx.o [1]
USART_Cmd               0x0800284d   0x16  Code  Gb  stm32f0xx_usart.o [1]
USART_DMACmd            0x0800288d    0xe  Code  Gb  stm32f0xx_usart.o [1]
USART_Init              0x080027b1   0x9c  Code  Gb  stm32f0xx_usart.o [1]
USART_config            0x0800259d   0x4a  Code  Gb  plan_config.o [1]
__ICFEDIT_region_RAM_end__ {Abs}
                        0x20001fff         Data  Gb  command line/config [2]
__ICFEDIT_region_RAM_start__ {Abs}
                        0x20000000         Data  Gb  command line/config [2]
__aeabi_idiv0           0x08002041         Code  Gb  IntDivZer.o [4]
__aeabi_memclr          0x08003421         Code  Gb  ABImemset.o [4]
__aeabi_memcpy          0x080032c9         Code  Gb  ABImemcpy.o [4]
__aeabi_memset          0x080033d1         Code  Gb  ABImemset.o [4]
__aeabi_uidiv           0x08001b19         Code  Gb  I32DivModFast.o [4]
__aeabi_uidivmod        0x08001b19         Code  Gb  I32DivModFast.o [4]
__cmain                 0x08003ab5         Code  Gb  cmain.o [4]
__exit                  0x08003ae9   0x14  Code  Gb  exit.o [5]
__iar_Memset4_word      0x080033f1         Code  Gb  ABImemset.o [4]
__iar_Memset_word       0x080033dd         Code  Gb  ABImemset.o [4]
__iar_copy_init3        0x08003a39   0x30  Code  Gb  copy_init3.o [4]
__iar_data_init3        0x08003a69   0x28  Code  Gb  data_init.o [4]
__iar_program_start     0x08003b19         Code  Gb  cstartup_M.o [4]
__iar_zero_init3        0x080039fd   0x3c  Code  Gb  zero_init3.o [4]
__low_level_init        0x08003acf    0x4  Code  Gb  low_level_init.o [3]
__vector_table          0x08000000         Data  Gb  startup_stm32f051.o [1]
_call_main              0x08003ac1         Code  Gb  cmain.o [4]
_exit                   0x08003add         Code  Gb  cexit.o [4]
_main                   0x08003acb         Code  Gb  cmain.o [4]
batt1                   0x200018ec   0x20  Data  Gb  flexsea_global_structs.o [1]
board_id                0x20000018    0x1  Data  Gb  flexsea_board.o [1]
change_spi_mode         0x08001f5d   0x7a  Code  Gb  plan_utilities.o [1]
change_sys_state        0x080035c1   0x28  Code  Gb  plan_state_system.o [1]
check_fs                0x08000d89   0x6a  Code  Lc  ff.o [1]
chk_chr                 0x0800012f   0x12  Code  Lc  ff.o [1]
clst2sect               0x080001c1   0x18  Code  Lc  ff.o [1]
cmdCode                 0x20001944    0x1  Data  Gb  flexsea_system.o [1]
cmdLen                  0x20001940    0x2  Data  Gb  flexsea_system.o [1]
cmdType                 0x20001945    0x1  Data  Gb  flexsea_system.o [1]
commSpy1                0x20001930    0x8  Data  Gb  flexsea_comm.o [1]
comm_gen_str            0x08003325   0xa8  Code  Gb  flexsea_comm.o [1]
comm_str_1              0x20001838   0x30  Data  Gb  flexsea_comm.o [1]
create_chain            0x080003a1   0xf6  Code  Lc  ff.o [1]
create_name             0x08000a71  0x240  Code  Lc  ff.o [1]
dir_find                0x080006fd  0x160  Code  Lc  ff.o [1]
dir_next                0x08000529   0xf6  Code  Lc  ff.o [1]
dir_register            0x08000861  0x1fa  Code  Lc  ff.o [1]
dir_sdi                 0x08000497   0x92  Code  Lc  ff.o [1]
disk_initialize         0x080015ef   0x32  Code  Gb  plan_fatfs.o [1]
disk_ioctl              0x0800167f    0x6  Code  Gb  plan_fatfs.o [1]
disk_read               0x08001621   0x58  Code  Gb  plan_fatfs.o [1]
disk_status             0x080015e1    0xe  Code  Gb  plan_fatfs.o [1]
disk_write              0x08001679    0x6  Code  Gb  plan_fatfs.o [1]
diskrslt                0x20001946    0x1  Data  Gb  plan_fatfs.o [1]
diskstat                0x20000019    0x1  Data  Gb  plan_fatfs.o [1]
exit                    0x08003ad3    0x8  Code  Gb  exit.o [3]
f_close                 0x080015c1   0x20  Code  Gb  ff.o [1]
f_mount                 0x080010c3   0x46  Code  Gb  ff.o [1]
f_open                  0x08001125  0x266  Code  Gb  ff.o [1]
f_read                  0x08001395  0x130  Code  Gb  ff.o [1]
f_sync                  0x080014c5   0xe6  Code  Gb  ff.o [1]
ff_oem2uni              0x080016c1   0x28  Code  Gb  ffunicode.o [1]
ff_uni2oem              0x08001691   0x30  Code  Gb  ffunicode.o [1]
ff_wtoupper             0x080016e9   0x7e  Code  Gb  ffunicode.o [1]
ff_wtoupper::cvt1       0x08001868  0x1f4  Data  Lc  ffunicode.o [1]
ff_wtoupper::cvt2       0x08001a5c   0xbc  Data  Lc  ffunicode.o [1]
find_volume             0x08000e01  0x27e  Code  Lc  ff.o [1]
flexsea_error           0x08003101    0x2  Code  Gb  flexsea.o [1]
flexsea_payload_catchall
                        0x08003195    0x2  Code  Gb  flexsea_system.o [1]
flexsea_payload_ptr     0x20001210  0x5f4  Data  Gb  flexsea.o [1]
flexsea_send_serial_master
                        0x080032a3    0x2  Code  Gb  flexsea_board.o [1]
flexsea_send_serial_slave
                        0x080032a1    0x2  Code  Gb  flexsea_board.o [1]
gen_numname             0x08000667   0x7c  Code  Lc  ff.o [1]
getBoardID              0x080032a5    0x6  Code  Gb  flexsea_board.o [1]
get_fat                 0x080001d9   0xcc  Code  Lc  ff.o [1]
get_ldnumber            0x08000d45   0x42  Code  Lc  ff.o [1]
init_flexsea_payload_ptr
                        0x08003175   0x20  Code  Gb  flexsea_system.o [1]
init_flexsea_payload_ptr_user
                        0x08003281   0x20  Code  Gb  flexsea_cmd_user.o [1]
initialize              0x080036e1   0x7c  Code  Gb  main.o [1]
jsmn_alloc_token        0x08002b19   0x20  Code  Lc  jsmn.o [1]
jsmn_fill_token         0x08002b39    0xc  Code  Lc  jsmn.o [1]
jsmn_init               0x08002e13    0xc  Code  Gb  jsmn.o [1]
jsmn_parse              0x08002c75  0x19e  Code  Gb  jsmn.o [1]
jsmn_parse_primitive    0x08002b45   0x72  Code  Lc  jsmn.o [1]
jsmn_parse_string       0x08002bb7   0xbe  Code  Lc  jsmn.o [1]
ld_clust                0x0800061f   0x24  Code  Lc  ff.o [1]
ld_dword                0x080000cd   0x16  Code  Lc  ff.o [1]
ld_word                 0x080000c1    0xc  Code  Lc  ff.o [1]
main                    0x08003625   0xbc  Code  Gb  main.o [1]
mem_cmp                 0x08000117   0x18  Code  Lc  ff.o [1]
mem_cpy                 0x080000fb   0x12  Code  Lc  ff.o [1]
mem_set                 0x0800010d    0xa  Code  Lc  ff.o [1]
move_window             0x0800018b   0x36  Code  Lc  ff.o [1]
pack                    0x080031e7   0x24  Code  Gb  flexsea_system.o [1]
packAndSend             0x0800320b   0x66  Code  Gb  flexsea_system.o [1]
pack_P2U                0x080037d1   0x2a  Code  Gb  plan_comm.o [1]
pack_U2P                0x080037fb   0x6e  Code  Gb  plan_comm.o [1]
packet                  0x20000820  0x9f0  Data  Gb  flexsea_comm.o [1]
prepare_empty_payload   0x080032b1   0x16  Code  Gb  flexsea_payload.o [1]
put_fat                 0x080002a5   0xfc  Code  Lc  ff.o [1]
read_line               0x08001fd9   0x42  Code  Gb  plan_utilities.o [1]
resp                    0x20001938    0x8  Data  Gb  plan_sd.o [1]
ricnu_1                 0x20001804   0x34  Data  Gb  flexsea_global_structs.o [1]
rx_cmd_ricnu_rr         0x08002f3b  0x1a0  Code  Gb  cmd-RICNU_Knee_v1.o [1]
rx_cmd_ricnu_rw         0x08002ebf   0x7c  Code  Gb  cmd-RICNU_Knee_v1.o [1]
rx_cmd_ricnu_w          0x080030f5    0xc  Code  Gb  cmd-RICNU_Knee_v1.o [1]
set_tick                0x08001f19   0x44  Code  Gb  plan_utilities.o [1]
spi_rx_buffer           0x20001898   0x30  Data  Gb  main.o [1]
st_clust                0x08000643   0x24  Code  Lc  ff.o [1]
st_dword                0x080000eb   0x10  Code  Lc  ff.o [1]
st_word                 0x080000e3    0x8  Code  Lc  ff.o [1]
state_time_us           0x20000002    0x2  Data  Gb  main.o [1]
strlen                  0x08003615   0x10  Code  Gb  strlen.o [4]
sum_sfn                 0x080006e3   0x1a  Code  Lc  ff.o [1]
sync_window             0x08000141   0x4a  Code  Lc  ff.o [1]
sys_state               0x20000001    0x1  Data  Gb  main.o [1]
systick_update          0x20000000    0x1  Data  Gb  main.o [1]
tmpPayload              0x200018c8   0x24  Data  Gb  flexsea_system.o [1]
tmp_comm_str            0x20001868   0x30  Data  Gb  flexsea_system.o [1]
transitionTable         0x080035e8   0x2c  Data  Lc  plan_state_system.o [1]
tx_cmd                  0x08003197   0x50  Code  Gb  flexsea_system.o [1]
tx_cmd_ricnu_rw         0x08002e21   0x8a  Code  Gb  cmd-RICNU_Knee_v1.o [1]
tx_cmd_ricnu_w          0x08002eab   0x14  Code  Gb  cmd-RICNU_Knee_v1.o [1]
uc437                   0x08001768  0x100  Data  Lc  ffunicode.o [1]
update_Manage           0x08003781   0x3c  Code  Gb  plan_comm.o [1]
update_User             0x080037bd   0x14  Code  Gb  plan_comm.o [1]
usart_rx_buffer         0x20001942    0x2  Data  Gb  main.o [1]
usart_tx_buffer         0x2000190c   0x1c  Data  Gb  main.o [1]
validate                0x0800108d   0x36  Code  Lc  ff.o [1]


[1] = C:\RICNU-Knee-HLCI\RICNU-Plan\RICNU-Plan-STM32\Project\EWARM\STM32F051\Obj
[2] = command line
[3] = dl6M_tln.a
[4] = rt6M_tl.a
[5] = shb_l.a

  15 104 bytes of readonly  code memory
      64 bytes of readonly  data memory
   6 465 bytes of readwrite data memory

Errors: none
Warnings: none
