###############################################################################
#
# IAR ELF Linker V7.80.4.12462/W32 for ARM                10/Aug/2017  15:46:27
# Copyright 2007-2017 IAR Systems AB.
#
#    Output file  =  
#        C:\RICNU-Knee-HLCI\RICNU-Plan\RICNU-Plan-STM32\Project\EWARM\STM32F051\Exe\Project.out
#    Map file     =  
#        C:\RICNU-Knee-HLCI\RICNU-Plan\RICNU-Plan-STM32\Project\EWARM\STM32F051\List\Project.map
#    Command line =  
#        C:\RICNU-Knee-HLCI\RICNU-Plan\RICNU-Plan-STM32\Project\EWARM\STM32F051\Obj\cmd-RICNU_Knee_v1.o
#        C:\RICNU-Knee-HLCI\RICNU-Plan\RICNU-Plan-STM32\Project\EWARM\STM32F051\Obj\dynamic_user_structs_common.o
#        C:\RICNU-Knee-HLCI\RICNU-Plan\RICNU-Plan-STM32\Project\EWARM\STM32F051\Obj\dynamic_user_structs_plan.o
#        C:\RICNU-Knee-HLCI\RICNU-Plan\RICNU-Plan-STM32\Project\EWARM\STM32F051\Obj\flexsea.o
#        C:\RICNU-Knee-HLCI\RICNU-Plan\RICNU-Plan-STM32\Project\EWARM\STM32F051\Obj\flexsea_board.o
#        C:\RICNU-Knee-HLCI\RICNU-Plan\RICNU-Plan-STM32\Project\EWARM\STM32F051\Obj\flexsea_buffers.o
#        C:\RICNU-Knee-HLCI\RICNU-Plan\RICNU-Plan-STM32\Project\EWARM\STM32F051\Obj\flexsea_circular_buffer.o
#        C:\RICNU-Knee-HLCI\RICNU-Plan\RICNU-Plan-STM32\Project\EWARM\STM32F051\Obj\flexsea_cmd_calibration.o
#        C:\RICNU-Knee-HLCI\RICNU-Plan\RICNU-Plan-STM32\Project\EWARM\STM32F051\Obj\flexsea_cmd_control_1.o
#        C:\RICNU-Knee-HLCI\RICNU-Plan\RICNU-Plan-STM32\Project\EWARM\STM32F051\Obj\flexsea_cmd_control_2.o
#        C:\RICNU-Knee-HLCI\RICNU-Plan\RICNU-Plan-STM32\Project\EWARM\STM32F051\Obj\flexsea_cmd_data.o
#        C:\RICNU-Knee-HLCI\RICNU-Plan\RICNU-Plan-STM32\Project\EWARM\STM32F051\Obj\flexsea_cmd_external.o
#        C:\RICNU-Knee-HLCI\RICNU-Plan\RICNU-Plan-STM32\Project\EWARM\STM32F051\Obj\flexsea_cmd_in_control.o
#        C:\RICNU-Knee-HLCI\RICNU-Plan\RICNU-Plan-STM32\Project\EWARM\STM32F051\Obj\flexsea_cmd_sensors.o
#        C:\RICNU-Knee-HLCI\RICNU-Plan\RICNU-Plan-STM32\Project\EWARM\STM32F051\Obj\flexsea_cmd_stream.o
#        C:\RICNU-Knee-HLCI\RICNU-Plan\RICNU-Plan-STM32\Project\EWARM\STM32F051\Obj\flexsea_cmd_tools.o
#        C:\RICNU-Knee-HLCI\RICNU-Plan\RICNU-Plan-STM32\Project\EWARM\STM32F051\Obj\flexsea_cmd_user.o
#        C:\RICNU-Knee-HLCI\RICNU-Plan\RICNU-Plan-STM32\Project\EWARM\STM32F051\Obj\flexsea_comm.o
#        C:\RICNU-Knee-HLCI\RICNU-Plan\RICNU-Plan-STM32\Project\EWARM\STM32F051\Obj\flexsea_global_structs.o
#        C:\RICNU-Knee-HLCI\RICNU-Plan\RICNU-Plan-STM32\Project\EWARM\STM32F051\Obj\flexsea_payload.o
#        C:\RICNU-Knee-HLCI\RICNU-Plan\RICNU-Plan-STM32\Project\EWARM\STM32F051\Obj\flexsea_system.o
#        C:\RICNU-Knee-HLCI\RICNU-Plan\RICNU-Plan-STM32\Project\EWARM\STM32F051\Obj\flexsea_user_structs.o
#        C:\RICNU-Knee-HLCI\RICNU-Plan\RICNU-Plan-STM32\Project\EWARM\STM32F051\Obj\main.o
#        C:\RICNU-Knee-HLCI\RICNU-Plan\RICNU-Plan-STM32\Project\EWARM\STM32F051\Obj\plan_comm.o
#        C:\RICNU-Knee-HLCI\RICNU-Plan\RICNU-Plan-STM32\Project\EWARM\STM32F051\Obj\plan_config.o
#        C:\RICNU-Knee-HLCI\RICNU-Plan\RICNU-Plan-STM32\Project\EWARM\STM32F051\Obj\plan_led.o
#        C:\RICNU-Knee-HLCI\RICNU-Plan\RICNU-Plan-STM32\Project\EWARM\STM32F051\Obj\plan_utilities.o
#        C:\RICNU-Knee-HLCI\RICNU-Plan\RICNU-Plan-STM32\Project\EWARM\STM32F051\Obj\startup_stm32f051.o
#        C:\RICNU-Knee-HLCI\RICNU-Plan\RICNU-Plan-STM32\Project\EWARM\STM32F051\Obj\stm32f0xx_can.o
#        C:\RICNU-Knee-HLCI\RICNU-Plan\RICNU-Plan-STM32\Project\EWARM\STM32F051\Obj\stm32f0xx_crs.o
#        C:\RICNU-Knee-HLCI\RICNU-Plan\RICNU-Plan-STM32\Project\EWARM\STM32F051\Obj\stm32f0xx_dma.o
#        C:\RICNU-Knee-HLCI\RICNU-Plan\RICNU-Plan-STM32\Project\EWARM\STM32F051\Obj\stm32f0xx_exti.o
#        C:\RICNU-Knee-HLCI\RICNU-Plan\RICNU-Plan-STM32\Project\EWARM\STM32F051\Obj\stm32f0xx_gpio.o
#        C:\RICNU-Knee-HLCI\RICNU-Plan\RICNU-Plan-STM32\Project\EWARM\STM32F051\Obj\stm32f0xx_it.o
#        C:\RICNU-Knee-HLCI\RICNU-Plan\RICNU-Plan-STM32\Project\EWARM\STM32F051\Obj\stm32f0xx_misc.o
#        C:\RICNU-Knee-HLCI\RICNU-Plan\RICNU-Plan-STM32\Project\EWARM\STM32F051\Obj\stm32f0xx_pwr.o
#        C:\RICNU-Knee-HLCI\RICNU-Plan\RICNU-Plan-STM32\Project\EWARM\STM32F051\Obj\stm32f0xx_rcc.o
#        C:\RICNU-Knee-HLCI\RICNU-Plan\RICNU-Plan-STM32\Project\EWARM\STM32F051\Obj\stm32f0xx_spi.o
#        C:\RICNU-Knee-HLCI\RICNU-Plan\RICNU-Plan-STM32\Project\EWARM\STM32F051\Obj\stm32f0xx_syscfg.o
#        C:\RICNU-Knee-HLCI\RICNU-Plan\RICNU-Plan-STM32\Project\EWARM\STM32F051\Obj\stm32f0xx_tim.o
#        C:\RICNU-Knee-HLCI\RICNU-Plan\RICNU-Plan-STM32\Project\EWARM\STM32F051\Obj\stm32f0xx_usart.o
#        C:\RICNU-Knee-HLCI\RICNU-Plan\RICNU-Plan-STM32\Project\EWARM\STM32F051\Obj\system_stm32f0xx.o
#        --redirect _Printf=_PrintfSmall --redirect _Scanf=_ScanfSmall -o
#        C:\RICNU-Knee-HLCI\RICNU-Plan\RICNU-Plan-STM32\Project\EWARM\STM32F051\Exe\Project.out
#        --map
#        C:\RICNU-Knee-HLCI\RICNU-Plan\RICNU-Plan-STM32\Project\EWARM\STM32F051\List\Project.map
#        --config
#        C:\RICNU-Knee-HLCI\RICNU-Plan\RICNU-Plan-STM32\Project\EWARM\stm32f051_flash.icf
#        --semihosting --entry __iar_program_start --vfe
#
###############################################################################

*******************************************************************************
*** RUNTIME MODEL ATTRIBUTES
***

CppFlavor       = *
__Heap_Handler  = Basic
__SystemLibrary = DLib


*******************************************************************************
*** PLACEMENT SUMMARY
***

"A0":  place at 0x08000000 { ro section .intvec };
"P1":  place in [from 0x08000000 to 0x0800ffff] { ro };
"P2":  place in [from 0x20000000 to 0x20001fff] { rw, block CSTACK, block HEAP };
initialize by copy { rw };

  Section            Kind        Address    Size  Object
  -------            ----        -------    ----  ------
"A0":                                       0xc0
  .intvec            ro code  0x08000000    0xc0  startup_stm32f051.o [1]
                            - 0x080000c0    0xc0

"P1":                                     0x1564
  .text              ro code  0x080000c0   0x2e0  cmd-RICNU_Knee_v1.o [1]
  .text              ro code  0x080003a0    0x72  flexsea.o [1]
  .text              ro code  0x08000412     0x2  startup_stm32f051.o [1]
  .text              ro code  0x08000414   0x10c  flexsea_system.o [1]
  .text              ro code  0x08000520    0x20  flexsea_cmd_user.o [1]
  .text              ro code  0x08000540    0x10  flexsea_board.o [1]
  .text              ro code  0x08000550    0x16  flexsea_payload.o [1]
  .text              ro code  0x08000566     0x2  startup_stm32f051.o [1]
  .text              ro code  0x08000568    0x5c  ABImemcpy.o [4]
  .text              ro code  0x080005c4    0xac  flexsea_comm.o [1]
  .text              ro code  0x08000670    0x54  ABImemset.o [4]
  .text              ro code  0x080006c4   0x2b4  plan_config.o [1]
  .text              ro code  0x08000978   0x1c4  stm32f0xx_rcc.o [1]
  .text              ro code  0x08000b3c    0x18  stm32f0xx_syscfg.o [1]
  .text              ro code  0x08000b54    0x94  stm32f0xx_gpio.o [1]
  .text              ro code  0x08000be8    0xd0  stm32f0xx_spi.o [1]
  .text              ro code  0x08000cb8    0xea  stm32f0xx_usart.o [1]
  .text              ro code  0x08000da2     0x2  startup_stm32f051.o [1]
  .text              ro code  0x08000da4   0x15c  stm32f0xx_dma.o [1]
  .text              ro code  0x08000f00    0x54  stm32f0xx_misc.o [1]
  .text              ro code  0x08000f54    0xae  I32DivModFast.o [4]
  .text              ro code  0x08001002     0x2  startup_stm32f051.o [1]
  .text              ro code  0x08001004     0x2  IntDivZer.o [4]
  .text              ro code  0x08001006     0x2  startup_stm32f051.o [1]
  .text              ro code  0x08001008   0x114  plan_comm.o [1]
  .text              ro code  0x0800111c   0x110  main.o [1]
  .text              ro code  0x0800122c    0x2c  plan_led.o [1]
  .text              ro code  0x08001258    0x88  plan_utilities.o [1]
  .text              ro code  0x080012e0    0xf0  system_stm32f0xx.o [1]
  .text              ro code  0x080013d0    0xd0  stm32f0xx_it.o [1]
  .text              ro code  0x080014a0    0x3c  startup_stm32f051.o [1]
  .text              ro code  0x080014dc    0x3c  zero_init3.o [4]
  .text              ro code  0x08001518    0x30  copy_init3.o [4]
  .text              ro code  0x08001548    0x28  data_init.o [4]
  .iar.init_table    const    0x08001570    0x24  - Linker created -
  .text              ro code  0x08001594    0x1a  cmain.o [4]
  .text              ro code  0x080015ae     0x4  low_level_init.o [3]
  .text              ro code  0x080015b2     0x8  exit.o [3]
  .text              ro code  0x080015ba     0x2  startup_stm32f051.o [1]
  .text              ro code  0x080015bc     0xa  cexit.o [4]
  .text              ro code  0x080015c6     0x2  startup_stm32f051.o [1]
  .text              ro code  0x080015c8    0x14  exit.o [5]
  Initializer bytes  const    0x080015dc    0x14  <for P2-1>
  .text              ro code  0x080015f0     0xc  cstartup_M.o [4]
  .text              ro code  0x080015fc     0x2  startup_stm32f051.o [1]
  .text              ro code  0x080015fe     0x2  startup_stm32f051.o [1]
  .text              ro code  0x08001600     0x2  startup_stm32f051.o [1]
  .text              ro code  0x08001602     0x2  startup_stm32f051.o [1]
  .text              ro code  0x08001604     0x2  startup_stm32f051.o [1]
  .text              ro code  0x08001606     0x2  startup_stm32f051.o [1]
  .text              ro code  0x08001608     0x2  startup_stm32f051.o [1]
  .text              ro code  0x0800160a     0x2  startup_stm32f051.o [1]
  .text              ro code  0x0800160c     0x2  startup_stm32f051.o [1]
  .text              ro code  0x0800160e     0x2  startup_stm32f051.o [1]
  .text              ro code  0x08001610     0x2  startup_stm32f051.o [1]
  .text              ro code  0x08001612     0x2  startup_stm32f051.o [1]
  .text              ro code  0x08001614     0x2  startup_stm32f051.o [1]
  .text              ro code  0x08001616     0x2  startup_stm32f051.o [1]
  .text              ro code  0x08001618     0x2  startup_stm32f051.o [1]
  .text              ro code  0x0800161a     0x2  startup_stm32f051.o [1]
  .text              ro code  0x0800161c     0x2  startup_stm32f051.o [1]
  .text              ro code  0x0800161e     0x2  startup_stm32f051.o [1]
  .text              ro code  0x08001620     0x2  startup_stm32f051.o [1]
  .text              ro code  0x08001622     0x2  startup_stm32f051.o [1]
  .rodata            const    0x08001624     0x0  zero_init3.o [4]
  .rodata            const    0x08001624     0x0  copy_init3.o [4]
                            - 0x08001624  0x1564

"P2", part 1 of 3:                          0x14
  P2-1                        0x20000000    0x11  <Init block>
    .data            inited   0x20000000    0x10  stm32f0xx_rcc.o [1]
    .data            inited   0x20000010     0x1  flexsea_board.o [1]
                            - 0x20000011    0x11

"P2", part 2 of 3:                         0x400
  CSTACK                      0x20000018   0x400  <Block>
    CSTACK           uninit   0x20000018   0x400  <Block tail>
                            - 0x20000418   0x400

"P2", part 3 of 3:                        0x1120
  .bss               zero     0x20000418   0x9f0  flexsea_comm.o [1]
  .bss               zero     0x20000e08   0x5f4  flexsea.o [1]
  .bss               zero     0x200013fc    0x34  flexsea_global_structs.o [1]
  .bss               zero     0x20001430    0x30  flexsea_comm.o [1]
  .bss               zero     0x20001460    0x30  flexsea_system.o [1]
  .bss               zero     0x20001490    0x30  main.o [1]
  .bss               zero     0x200014c0    0x24  flexsea_system.o [1]
  .bss               zero     0x200014e4    0x20  flexsea_global_structs.o [1]
  .bss               zero     0x20001504    0x1c  main.o [1]
  .bss               zero     0x20001520     0x8  flexsea_comm.o [1]
  .bss               zero     0x20001528     0x4  main.o [1]
  .bss               zero     0x2000152c     0x4  main.o [1]
  .bss               zero     0x20001530     0x2  flexsea_system.o [1]
  .bss               zero     0x20001532     0x2  main.o [1]
  .bss               zero     0x20001534     0x1  flexsea_system.o [1]
  .bss               zero     0x20001535     0x1  flexsea_system.o [1]
                            - 0x20001536  0x111e


*******************************************************************************
*** INIT TABLE
***

          Address     Size
          -------     ----
Zero (__iar_zero_init3)
    1 destination range, total size 0x111e:
          0x20000418  0x111e

Copy (__iar_copy_init3)
    1 source range, total size 0x14 (117% of destination):
          0x080015dc    0x14
    1 destination range, total size 0x11:
          0x20000000    0x11



*******************************************************************************
*** MODULE SUMMARY
***

    Module                    ro code  ro data  rw data
    ------                    -------  -------  -------
C:\RICNU-Knee-HLCI\RICNU-Plan\RICNU-Plan-STM32\Project\EWARM\STM32F051\Obj: [1]
    cmd-RICNU_Knee_v1.o           736
    flexsea.o                     114             1 524
    flexsea_board.o                16        1        1
    flexsea_cmd_user.o             32
    flexsea_comm.o                172             2 600
    flexsea_global_structs.o                         84
    flexsea_payload.o              22
    flexsea_system.o              268                88
    main.o                        272                86
    plan_comm.o                   276
    plan_config.o                 692
    plan_led.o                     44
    plan_utilities.o              136
    startup_stm32f051.o           306
    stm32f0xx_dma.o               348
    stm32f0xx_gpio.o              148
    stm32f0xx_it.o                208
    stm32f0xx_misc.o               84
    stm32f0xx_rcc.o               452       16       16
    stm32f0xx_spi.o               208
    stm32f0xx_syscfg.o             24
    stm32f0xx_usart.o             234
    system_stm32f0xx.o            240
    ---------------------------------------------------
    Total:                      5 032       17    4 399

command line: [2]
    ---------------------------------------------------
    Total:

dl6M_tlf.a: [3]
    exit.o                          8
    low_level_init.o                4
    ---------------------------------------------------
    Total:                         12

rt6M_tl.a: [4]
    ABImemcpy.o                    92
    ABImemset.o                    84
    I32DivModFast.o               174
    IntDivZer.o                     2
    cexit.o                        10
    cmain.o                        26
    copy_init3.o                   48
    cstartup_M.o                   12
    data_init.o                    40
    zero_init3.o                   60
    ---------------------------------------------------
    Total:                        548

shb_l.a: [5]
    exit.o                         20
    ---------------------------------------------------
    Total:                         20

    Linker created                          39    1 024
-------------------------------------------------------
    Grand Total:                5 612       56    5 423


*******************************************************************************
*** ENTRY LIST
***

Entry                      Address   Size  Type      Object
-----                      -------   ----  ----      ------
.iar.init_table$$Base   0x08001570          --   Gb  - Linker created -
.iar.init_table$$Limit  0x08001594          --   Gb  - Linker created -
?main                   0x08001595         Code  Gb  cmain.o [4]
APBAHBPrescTable        0x20000000   0x10  Data  Lc  stm32f0xx_rcc.o [1]
CSTACK$$Base            0x20000018          --   Gb  - Linker created -
CSTACK$$Limit           0x20000418          --   Gb  - Linker created -
DMA1_Channel2_3_IRQHandler
                        0x080013fb   0x4a  Code  Gb  stm32f0xx_it.o [1]
DMA1_Channel4_5_IRQHandler
                        0x08001445   0x40  Code  Gb  stm32f0xx_it.o [1]
DMA_ClearITPendingBit   0x08000eb9    0x2  Code  Gb  stm32f0xx_dma.o [1]
DMA_Cmd                 0x08000e79   0x14  Code  Gb  stm32f0xx_dma.o [1]
DMA_DeInit              0x08000da5   0x9e  Code  Gb  stm32f0xx_dma.o [1]
DMA_GetITStatus         0x08000e9f    0x2  Code  Gb  stm32f0xx_dma.o [1]
DMA_ITConfig            0x08000e8d   0x12  Code  Gb  stm32f0xx_dma.o [1]
DMA_Init                0x08000e43   0x36  Code  Gb  stm32f0xx_dma.o [1]
DMA_config              0x08000823   0xf4  Code  Gb  plan_config.o [1]
GPIO_Init               0x08000b55   0x6a  Code  Gb  stm32f0xx_gpio.o [1]
GPIO_PinAFConfig        0x08000bc7   0x22  Code  Gb  stm32f0xx_gpio.o [1]
GPIO_ResetBits          0x08000bc3    0x4  Code  Gb  stm32f0xx_gpio.o [1]
GPIO_SetBits            0x08000bbf    0x4  Code  Gb  stm32f0xx_gpio.o [1]
GPIO_config             0x080006f5   0x8e  Code  Gb  plan_config.o [1]
HardFault_Handler       0x080013d3    0x2  Code  Gb  stm32f0xx_it.o [1]
LED_config              0x0800122d   0x2c  Code  Gb  plan_led.o [1]
NMI_Handler             0x080013d1    0x2  Code  Gb  stm32f0xx_it.o [1]
NVIC_Init               0x08000f01   0x48  Code  Gb  stm32f0xx_misc.o [1]
NVIC_SetPriority        0x08001259   0x34  Code  Lc  plan_utilities.o [1]
NVIC_config             0x08000955   0x24  Code  Gb  plan_config.o [1]
PendSV_Handler          0x080013d7    0x2  Code  Gb  stm32f0xx_it.o [1]
RCC_AHBPeriphClockCmd   0x08000ac9   0x14  Code  Gb  stm32f0xx_rcc.o [1]
RCC_APB1PeriphResetCmd  0x08000b05   0x14  Code  Gb  stm32f0xx_rcc.o [1]
RCC_APB2PeriphClockCmd  0x08000add   0x14  Code  Gb  stm32f0xx_rcc.o [1]
RCC_APB2PeriphResetCmd  0x08000af1   0x14  Code  Gb  stm32f0xx_rcc.o [1]
RCC_GetClocksFreq       0x08000979  0x14a  Code  Gb  stm32f0xx_rcc.o [1]
RCC_confg               0x080006c5   0x1c  Code  Gb  plan_config.o [1]
REBUILD_UINT16          0x080003b9   0x14  Code  Gb  flexsea.o [1]
REBUILD_UINT32          0x080003f3   0x20  Code  Gb  flexsea.o [1]
Region$$Table$$Base     0x08001570          --   Gb  - Linker created -
Region$$Table$$Limit    0x08001594          --   Gb  - Linker created -
SPI_Cmd                 0x08000c67   0x14  Code  Gb  stm32f0xx_spi.o [1]
SPI_I2S_DMACmd          0x08000c9d    0xe  Code  Gb  stm32f0xx_spi.o [1]
SPI_I2S_DeInit          0x08000be9   0x36  Code  Gb  stm32f0xx_spi.o [1]
SPI_Init                0x08000c1f   0x48  Code  Gb  stm32f0xx_spi.o [1]
SPI_RxFIFOThresholdConfig
                        0x08000c7b    0x6  Code  Gb  stm32f0xx_spi.o [1]
SPI_config              0x08000783   0x5e  Code  Gb  plan_config.o [1]
SPLIT_16                0x080003a3   0x16  Code  Gb  flexsea.o [1]
SPLIT_32                0x080003cd   0x26  Code  Gb  flexsea.o [1]
SVC_Handler             0x080013d5    0x2  Code  Gb  stm32f0xx_it.o [1]
SYSCFG_DMAChannelRemapConfig
                        0x08000b3d   0x14  Code  Gb  stm32f0xx_syscfg.o [1]
SYSCFG_config           0x080006e1   0x14  Code  Gb  plan_config.o [1]
SysTick_Handler         0x080013d9   0x22  Code  Gb  stm32f0xx_it.o [1]
SystemInit              0x080012e1   0xd0  Code  Gb  system_stm32f0xx.o [1]
USART_Cmd               0x08000d55   0x16  Code  Gb  stm32f0xx_usart.o [1]
USART_DMACmd            0x08000d95    0xe  Code  Gb  stm32f0xx_usart.o [1]
USART_Init              0x08000cb9   0x9c  Code  Gb  stm32f0xx_usart.o [1]
USART_config            0x080007e1   0x42  Code  Gb  plan_config.o [1]
__ICFEDIT_region_RAM_end__ {Abs}
                        0x20001fff         Data  Gb  command line/config [2]
__ICFEDIT_region_RAM_start__ {Abs}
                        0x20000000         Data  Gb  command line/config [2]
__aeabi_idiv0           0x08001005         Code  Gb  IntDivZer.o [4]
__aeabi_memclr          0x080006c1         Code  Gb  ABImemset.o [4]
__aeabi_memcpy          0x08000569         Code  Gb  ABImemcpy.o [4]
__aeabi_memset          0x08000671         Code  Gb  ABImemset.o [4]
__aeabi_uidiv           0x08000f55         Code  Gb  I32DivModFast.o [4]
__aeabi_uidivmod        0x08000f55         Code  Gb  I32DivModFast.o [4]
__cmain                 0x08001595         Code  Gb  cmain.o [4]
__exit                  0x080015c9   0x14  Code  Gb  exit.o [5]
__iar_Memset4_word      0x08000691         Code  Gb  ABImemset.o [4]
__iar_Memset_word       0x0800067d         Code  Gb  ABImemset.o [4]
__iar_copy_init3        0x08001519   0x30  Code  Gb  copy_init3.o [4]
__iar_data_init3        0x08001549   0x28  Code  Gb  data_init.o [4]
__iar_program_start     0x080015f1         Code  Gb  cstartup_M.o [4]
__iar_zero_init3        0x080014dd   0x3c  Code  Gb  zero_init3.o [4]
__low_level_init        0x080015af    0x4  Code  Gb  low_level_init.o [3]
__vector_table          0x08000000         Data  Gb  startup_stm32f051.o [1]
_call_main              0x080015a1         Code  Gb  cmain.o [4]
_exit                   0x080015bd         Code  Gb  cexit.o [4]
_main                   0x080015ab         Code  Gb  cmain.o [4]
batt1                   0x200014e4   0x20  Data  Gb  flexsea_global_structs.o [1]
board_id                0x20000010    0x1  Data  Gb  flexsea_board.o [1]
cmdCode                 0x20001534    0x1  Data  Gb  flexsea_system.o [1]
cmdLen                  0x20001530    0x2  Data  Gb  flexsea_system.o [1]
cmdType                 0x20001535    0x1  Data  Gb  flexsea_system.o [1]
commSpy1                0x20001520    0x8  Data  Gb  flexsea_comm.o [1]
comm_gen_str            0x080005c5   0xa8  Code  Gb  flexsea_comm.o [1]
comm_str_1              0x20001430   0x30  Data  Gb  flexsea_comm.o [1]
delay                   0x2000152c    0x4  Data  Gb  main.o [1]
exit                    0x080015b3    0x8  Code  Gb  exit.o [3]
flexsea_error           0x080003a1    0x2  Code  Gb  flexsea.o [1]
flexsea_payload_catchall
                        0x08000435    0x2  Code  Gb  flexsea_system.o [1]
flexsea_payload_ptr     0x20000e08  0x5f4  Data  Gb  flexsea.o [1]
flexsea_send_serial_master
                        0x08000543    0x2  Code  Gb  flexsea_board.o [1]
flexsea_send_serial_slave
                        0x08000541    0x2  Code  Gb  flexsea_board.o [1]
getBoardID              0x08000545    0x6  Code  Gb  flexsea_board.o [1]
init_flexsea_payload_ptr
                        0x08000415   0x20  Code  Gb  flexsea_system.o [1]
init_flexsea_payload_ptr_user
                        0x08000521   0x20  Code  Gb  flexsea_cmd_user.o [1]
initialize              0x08001193   0x7c  Code  Gb  main.o [1]
main                    0x0800111d   0x76  Code  Gb  main.o [1]
pack                    0x08000487   0x24  Code  Gb  flexsea_system.o [1]
packAndSend             0x080004ab   0x66  Code  Gb  flexsea_system.o [1]
pack_P2U                0x0800102b   0x2a  Code  Gb  plan_comm.o [1]
pack_U2P                0x08001055   0x96  Code  Gb  plan_comm.o [1]
packet                  0x20000418  0x9f0  Data  Gb  flexsea_comm.o [1]
prepare_empty_payload   0x08000551   0x16  Code  Gb  flexsea_payload.o [1]
ricnu_1                 0x200013fc   0x34  Data  Gb  flexsea_global_structs.o [1]
rx_cmd_ricnu_rr         0x080001db  0x1a0  Code  Gb  cmd-RICNU_Knee_v1.o [1]
rx_cmd_ricnu_rw         0x0800015f   0x7c  Code  Gb  cmd-RICNU_Knee_v1.o [1]
rx_cmd_ricnu_w          0x08000395    0xc  Code  Gb  cmd-RICNU_Knee_v1.o [1]
set_tick                0x0800128d   0x44  Code  Gb  plan_utilities.o [1]
spi_rx_buffer           0x20001490   0x30  Data  Gb  main.o [1]
state_time_us           0x2000152a    0x2  Data  Gb  main.o [1]
systick_update          0x20001528    0x1  Data  Gb  main.o [1]
tmpPayload              0x200014c0   0x24  Data  Gb  flexsea_system.o [1]
tmp_comm_str            0x20001460   0x30  Data  Gb  flexsea_system.o [1]
tx_cmd                  0x08000437   0x50  Code  Gb  flexsea_system.o [1]
tx_cmd_ricnu_rw         0x080000c1   0x8a  Code  Gb  cmd-RICNU_Knee_v1.o [1]
tx_cmd_ricnu_w          0x0800014b   0x14  Code  Gb  cmd-RICNU_Knee_v1.o [1]
update_Manage           0x08001009   0x16  Code  Gb  plan_comm.o [1]
update_User             0x0800101f    0xc  Code  Gb  plan_comm.o [1]
usart_rx_buffer         0x20001532    0x2  Data  Gb  main.o [1]
usart_tx_buffer         0x20001504   0x1c  Data  Gb  main.o [1]


[1] = C:\RICNU-Knee-HLCI\RICNU-Plan\RICNU-Plan-STM32\Project\EWARM\STM32F051\Obj
[2] = command line
[3] = dl6M_tlf.a
[4] = rt6M_tl.a
[5] = shb_l.a

  5 612 bytes of readonly  code memory
     56 bytes of readonly  data memory
  5 423 bytes of readwrite data memory

Errors: none
Warnings: none
