###############################################################################
#
# IAR ELF Linker V7.80.4.12462/W32 for ARM                29/Aug/2017  16:01:40
# Copyright 2007-2017 IAR Systems AB.
#
#    Output file  =  
#        C:\RICNU-Knee-HLCI\RICNU-Plan\RICNU-Plan-STM32\Project\EWARM\STM32L152RC\Exe\Project.out
#    Map file     =  
#        C:\RICNU-Knee-HLCI\RICNU-Plan\RICNU-Plan-STM32\Project\EWARM\STM32L152RC\List\Project.map
#    Command line =  
#        C:\RICNU-Knee-HLCI\RICNU-Plan\RICNU-Plan-STM32\Project\EWARM\STM32L152RC\Obj\cmd-RICNU_Knee_v1.o
#        C:\RICNU-Knee-HLCI\RICNU-Plan\RICNU-Plan-STM32\Project\EWARM\STM32L152RC\Obj\dynamic_user_structs_common.o
#        C:\RICNU-Knee-HLCI\RICNU-Plan\RICNU-Plan-STM32\Project\EWARM\STM32L152RC\Obj\dynamic_user_structs_plan.o
#        C:\RICNU-Knee-HLCI\RICNU-Plan\RICNU-Plan-STM32\Project\EWARM\STM32L152RC\Obj\ff.o
#        C:\RICNU-Knee-HLCI\RICNU-Plan\RICNU-Plan-STM32\Project\EWARM\STM32L152RC\Obj\ffsystem.o
#        C:\RICNU-Knee-HLCI\RICNU-Plan\RICNU-Plan-STM32\Project\EWARM\STM32L152RC\Obj\ffunicode.o
#        C:\RICNU-Knee-HLCI\RICNU-Plan\RICNU-Plan-STM32\Project\EWARM\STM32L152RC\Obj\flexsea.o
#        C:\RICNU-Knee-HLCI\RICNU-Plan\RICNU-Plan-STM32\Project\EWARM\STM32L152RC\Obj\flexsea_board.o
#        C:\RICNU-Knee-HLCI\RICNU-Plan\RICNU-Plan-STM32\Project\EWARM\STM32L152RC\Obj\flexsea_buffers.o
#        C:\RICNU-Knee-HLCI\RICNU-Plan\RICNU-Plan-STM32\Project\EWARM\STM32L152RC\Obj\flexsea_circular_buffer.o
#        C:\RICNU-Knee-HLCI\RICNU-Plan\RICNU-Plan-STM32\Project\EWARM\STM32L152RC\Obj\flexsea_cmd_calibration.o
#        C:\RICNU-Knee-HLCI\RICNU-Plan\RICNU-Plan-STM32\Project\EWARM\STM32L152RC\Obj\flexsea_cmd_control_1.o
#        C:\RICNU-Knee-HLCI\RICNU-Plan\RICNU-Plan-STM32\Project\EWARM\STM32L152RC\Obj\flexsea_cmd_control_2.o
#        C:\RICNU-Knee-HLCI\RICNU-Plan\RICNU-Plan-STM32\Project\EWARM\STM32L152RC\Obj\flexsea_cmd_data.o
#        C:\RICNU-Knee-HLCI\RICNU-Plan\RICNU-Plan-STM32\Project\EWARM\STM32L152RC\Obj\flexsea_cmd_external.o
#        C:\RICNU-Knee-HLCI\RICNU-Plan\RICNU-Plan-STM32\Project\EWARM\STM32L152RC\Obj\flexsea_cmd_in_control.o
#        C:\RICNU-Knee-HLCI\RICNU-Plan\RICNU-Plan-STM32\Project\EWARM\STM32L152RC\Obj\flexsea_cmd_sensors.o
#        C:\RICNU-Knee-HLCI\RICNU-Plan\RICNU-Plan-STM32\Project\EWARM\STM32L152RC\Obj\flexsea_cmd_stream.o
#        C:\RICNU-Knee-HLCI\RICNU-Plan\RICNU-Plan-STM32\Project\EWARM\STM32L152RC\Obj\flexsea_cmd_tools.o
#        C:\RICNU-Knee-HLCI\RICNU-Plan\RICNU-Plan-STM32\Project\EWARM\STM32L152RC\Obj\flexsea_cmd_user.o
#        C:\RICNU-Knee-HLCI\RICNU-Plan\RICNU-Plan-STM32\Project\EWARM\STM32L152RC\Obj\flexsea_comm.o
#        C:\RICNU-Knee-HLCI\RICNU-Plan\RICNU-Plan-STM32\Project\EWARM\STM32L152RC\Obj\flexsea_global_structs.o
#        C:\RICNU-Knee-HLCI\RICNU-Plan\RICNU-Plan-STM32\Project\EWARM\STM32L152RC\Obj\flexsea_payload.o
#        C:\RICNU-Knee-HLCI\RICNU-Plan\RICNU-Plan-STM32\Project\EWARM\STM32L152RC\Obj\flexsea_system.o
#        C:\RICNU-Knee-HLCI\RICNU-Plan\RICNU-Plan-STM32\Project\EWARM\STM32L152RC\Obj\flexsea_user_structs.o
#        C:\RICNU-Knee-HLCI\RICNU-Plan\RICNU-Plan-STM32\Project\EWARM\STM32L152RC\Obj\jsmn.o
#        C:\RICNU-Knee-HLCI\RICNU-Plan\RICNU-Plan-STM32\Project\EWARM\STM32L152RC\Obj\main.o
#        C:\RICNU-Knee-HLCI\RICNU-Plan\RICNU-Plan-STM32\Project\EWARM\STM32L152RC\Obj\misc.o
#        C:\RICNU-Knee-HLCI\RICNU-Plan\RICNU-Plan-STM32\Project\EWARM\STM32L152RC\Obj\plan_comm.o
#        C:\RICNU-Knee-HLCI\RICNU-Plan\RICNU-Plan-STM32\Project\EWARM\STM32L152RC\Obj\plan_config.o
#        C:\RICNU-Knee-HLCI\RICNU-Plan\RICNU-Plan-STM32\Project\EWARM\STM32L152RC\Obj\plan_fatfs.o
#        C:\RICNU-Knee-HLCI\RICNU-Plan\RICNU-Plan-STM32\Project\EWARM\STM32L152RC\Obj\plan_led.o
#        C:\RICNU-Knee-HLCI\RICNU-Plan\RICNU-Plan-STM32\Project\EWARM\STM32L152RC\Obj\plan_sd.o
#        C:\RICNU-Knee-HLCI\RICNU-Plan\RICNU-Plan-STM32\Project\EWARM\STM32L152RC\Obj\plan_state_system.o
#        C:\RICNU-Knee-HLCI\RICNU-Plan\RICNU-Plan-STM32\Project\EWARM\STM32L152RC\Obj\plan_utilities.o
#        C:\RICNU-Knee-HLCI\RICNU-Plan\RICNU-Plan-STM32\Project\EWARM\STM32L152RC\Obj\startup_stm32l1xx_mdp.o
#        C:\RICNU-Knee-HLCI\RICNU-Plan\RICNU-Plan-STM32\Project\EWARM\STM32L152RC\Obj\stm32l1xx_dma.o
#        C:\RICNU-Knee-HLCI\RICNU-Plan\RICNU-Plan-STM32\Project\EWARM\STM32L152RC\Obj\stm32l1xx_exti.o
#        C:\RICNU-Knee-HLCI\RICNU-Plan\RICNU-Plan-STM32\Project\EWARM\STM32L152RC\Obj\stm32l1xx_gpio.o
#        C:\RICNU-Knee-HLCI\RICNU-Plan\RICNU-Plan-STM32\Project\EWARM\STM32L152RC\Obj\stm32l1xx_it.o
#        C:\RICNU-Knee-HLCI\RICNU-Plan\RICNU-Plan-STM32\Project\EWARM\STM32L152RC\Obj\stm32l1xx_pwr.o
#        C:\RICNU-Knee-HLCI\RICNU-Plan\RICNU-Plan-STM32\Project\EWARM\STM32L152RC\Obj\stm32l1xx_rcc.o
#        C:\RICNU-Knee-HLCI\RICNU-Plan\RICNU-Plan-STM32\Project\EWARM\STM32L152RC\Obj\stm32l1xx_spi.o
#        C:\RICNU-Knee-HLCI\RICNU-Plan\RICNU-Plan-STM32\Project\EWARM\STM32L152RC\Obj\stm32l1xx_syscfg.o
#        C:\RICNU-Knee-HLCI\RICNU-Plan\RICNU-Plan-STM32\Project\EWARM\STM32L152RC\Obj\stm32l1xx_tim.o
#        C:\RICNU-Knee-HLCI\RICNU-Plan\RICNU-Plan-STM32\Project\EWARM\STM32L152RC\Obj\stm32l1xx_usart.o
#        C:\RICNU-Knee-HLCI\RICNU-Plan\RICNU-Plan-STM32\Project\EWARM\STM32L152RC\Obj\system_stm32l1xx.o
#        --redirect _Printf=_PrintfSmall --redirect _Scanf=_ScanfSmall -o
#        C:\RICNU-Knee-HLCI\RICNU-Plan\RICNU-Plan-STM32\Project\EWARM\STM32L152RC\Exe\Project.out
#        --map
#        C:\RICNU-Knee-HLCI\RICNU-Plan\RICNU-Plan-STM32\Project\EWARM\STM32L152RC\List\Project.map
#        --config "C:\Program Files (x86)\IAR Systems\Embedded Workbench
#        7.5\arm\config\linker\ST\stm32l152xC.icf" --semihosting --entry
#        __iar_program_start --vfe
#
###############################################################################

*******************************************************************************
*** RUNTIME MODEL ATTRIBUTES
***

CppFlavor       = *
__Heap_Handler  = Basic
__SystemLibrary = DLib


*******************************************************************************
*** PLACEMENT SUMMARY
***

"A0":  place at 0x08000000 { ro section .intvec };
"P1":  place in [from 0x08000000 to 0x0803ffff] { ro };
"P2":  place in [from 0x20000000 to 0x20007fff] { rw, block CSTACK, block HEAP };
initialize by copy { rw };

  Section            Kind        Address    Size  Object
  -------            ----        -------    ----  ------
"A0":                                      0x124
  .intvec            ro code  0x08000000   0x124  startup_stm32l1xx_mdp.o [1]
                            - 0x08000124   0x124

"P1":                                     0x3d00
  .text              ro code  0x08000124  0x16b4  ff.o [1]
  .text              ro code  0x080017d8    0xa8  plan_fatfs.o [1]
  .text              ro code  0x08001880     0x6  ABImemclr.o [4]
  .text              ro code  0x08001888   0x4ac  ffunicode.o [1]
  .text              ro code  0x08001d34    0x66  ABImemset.o [4]
  .text              ro code  0x08001d9c   0x3b0  plan_sd.o [1]
  .text              ro code  0x0800214c   0x11c  plan_utilities.o [1]
  .text              ro code  0x08002268    0x98  stm32l1xx_gpio.o [1]
  .text              ro code  0x08002300    0xd6  stm32l1xx_spi.o [1]
  .text              ro code  0x080023d8   0x110  stm32l1xx_rcc.o [1]
  .text              ro code  0x080024e8   0x50e  plan_config.o [1]
  .text              ro code  0x080029f8    0xc0  stm32l1xx_usart.o [1]
  .text              ro code  0x08002ab8   0x170  stm32l1xx_dma.o [1]
  .text              ro code  0x08002c28    0x6c  misc.o [1]
  .text              ro code  0x08002c94    0x28  stm32l1xx_syscfg.o [1]
  .text              ro code  0x08002cbc    0x88  stm32l1xx_exti.o [1]
  .text              ro code  0x08002d44   0x33e  jsmn.o [1]
  .text              ro code  0x08003084   0x2d8  cmd-RICNU_Knee_v1.o [1]
  .text              ro code  0x0800335c    0x78  flexsea.o [1]
  .text              ro code  0x080033d4   0x11c  flexsea_system.o [1]
  .text              ro code  0x080034f0    0x20  flexsea_cmd_user.o [1]
  .text              ro code  0x08003510    0x10  flexsea_board.o [1]
  .text              ro code  0x08003520    0x16  flexsea_payload.o [1]
  .text              ro code  0x08003538    0x76  ABImemcpy_unaligned.o [4]
  .text              ro code  0x080035b0    0x94  flexsea_comm.o [1]
  .text              ro code  0x08003644   0x184  stm32l1xx_it.o [1]
  .text              ro code  0x080037c8    0x6c  plan_state_system.o [1]
  .text              ro code  0x08003834    0x36  strlen.o [4]
  .text              ro code  0x0800386c   0x15c  main.o [1]
  .text              ro code  0x080039c8   0x12c  plan_comm.o [1]
  .text              ro code  0x08003af4    0x34  plan_led.o [1]
  .text              ro code  0x08003b28    0xfc  system_stm32l1xx.o [1]
  .text              ro code  0x08003c24    0x40  zero_init3.o [4]
  .text              ro code  0x08003c64    0x2c  copy_init3.o [4]
  .text              ro code  0x08003c90    0x28  data_init.o [4]
  Initializer bytes  const    0x08003cb8    0x28  <for P2-1>
  .iar.init_table    const    0x08003ce0    0x24  - Linker created -
  .text              ro code  0x08003d04    0x1a  cmain.o [4]
  .text              ro code  0x08003d1e     0x4  low_level_init.o [3]
  .text              ro code  0x08003d22     0x4  exit.o [3]
  .text              ro code  0x08003d28     0xa  cexit.o [4]
  .text              ro code  0x08003d34    0x14  exit.o [5]
  .text              ro code  0x08003d48    0x10  startup_stm32l1xx_mdp.o [1]
  .text              ro code  0x08003d58     0xc  cstartup_M.o [4]
  .text              ro code  0x08003d64     0x4  startup_stm32l1xx_mdp.o [1]
  .text              ro code  0x08003d68     0x4  startup_stm32l1xx_mdp.o [1]
  .text              ro code  0x08003d6c     0x4  startup_stm32l1xx_mdp.o [1]
  .text              ro code  0x08003d70     0x4  startup_stm32l1xx_mdp.o [1]
  .text              ro code  0x08003d74     0x4  startup_stm32l1xx_mdp.o [1]
  .text              ro code  0x08003d78     0x4  startup_stm32l1xx_mdp.o [1]
  .text              ro code  0x08003d7c     0x4  startup_stm32l1xx_mdp.o [1]
  .text              ro code  0x08003d80     0x4  startup_stm32l1xx_mdp.o [1]
  .text              ro code  0x08003d84     0x4  startup_stm32l1xx_mdp.o [1]
  .text              ro code  0x08003d88     0x4  startup_stm32l1xx_mdp.o [1]
  .text              ro code  0x08003d8c     0x4  startup_stm32l1xx_mdp.o [1]
  .text              ro code  0x08003d90     0x4  startup_stm32l1xx_mdp.o [1]
  .text              ro code  0x08003d94     0x4  startup_stm32l1xx_mdp.o [1]
  .text              ro code  0x08003d98     0x4  startup_stm32l1xx_mdp.o [1]
  .text              ro code  0x08003d9c     0x4  startup_stm32l1xx_mdp.o [1]
  .text              ro code  0x08003da0     0x4  startup_stm32l1xx_mdp.o [1]
  .text              ro code  0x08003da4     0x4  startup_stm32l1xx_mdp.o [1]
  .text              ro code  0x08003da8     0x4  startup_stm32l1xx_mdp.o [1]
  .text              ro code  0x08003dac     0x4  startup_stm32l1xx_mdp.o [1]
  .text              ro code  0x08003db0     0x4  startup_stm32l1xx_mdp.o [1]
  .text              ro code  0x08003db4     0x4  startup_stm32l1xx_mdp.o [1]
  .text              ro code  0x08003db8     0x4  startup_stm32l1xx_mdp.o [1]
  .text              ro code  0x08003dbc     0x4  startup_stm32l1xx_mdp.o [1]
  .text              ro code  0x08003dc0     0x4  startup_stm32l1xx_mdp.o [1]
  .text              ro code  0x08003dc4     0x4  startup_stm32l1xx_mdp.o [1]
  .text              ro code  0x08003dc8     0x4  startup_stm32l1xx_mdp.o [1]
  .text              ro code  0x08003dcc     0x4  startup_stm32l1xx_mdp.o [1]
  .text              ro code  0x08003dd0     0x4  startup_stm32l1xx_mdp.o [1]
  .text              ro code  0x08003dd4     0x4  startup_stm32l1xx_mdp.o [1]
  .text              ro code  0x08003dd8     0x4  startup_stm32l1xx_mdp.o [1]
  .text              ro code  0x08003ddc     0x4  startup_stm32l1xx_mdp.o [1]
  .text              ro code  0x08003de0     0x4  startup_stm32l1xx_mdp.o [1]
  .text              ro code  0x08003de4     0x4  startup_stm32l1xx_mdp.o [1]
  .text              ro code  0x08003de8     0x4  startup_stm32l1xx_mdp.o [1]
  .text              ro code  0x08003dec     0x4  startup_stm32l1xx_mdp.o [1]
  .text              ro code  0x08003df0     0x4  startup_stm32l1xx_mdp.o [1]
  .text              ro code  0x08003df4     0x4  startup_stm32l1xx_mdp.o [1]
  .text              ro code  0x08003df8     0x4  startup_stm32l1xx_mdp.o [1]
  .text              ro code  0x08003dfc     0x4  startup_stm32l1xx_mdp.o [1]
  .text              ro code  0x08003e00     0x4  startup_stm32l1xx_mdp.o [1]
  .text              ro code  0x08003e04     0x4  startup_stm32l1xx_mdp.o [1]
  .text              ro code  0x08003e08     0x4  startup_stm32l1xx_mdp.o [1]
  .text              ro code  0x08003e0c     0x4  startup_stm32l1xx_mdp.o [1]
  .text              ro code  0x08003e10     0x4  startup_stm32l1xx_mdp.o [1]
  .text              ro code  0x08003e14     0x4  startup_stm32l1xx_mdp.o [1]
  .text              ro code  0x08003e18     0x4  startup_stm32l1xx_mdp.o [1]
  .text              ro code  0x08003e1c     0x4  startup_stm32l1xx_mdp.o [1]
  .text              ro code  0x08003e20     0x4  startup_stm32l1xx_mdp.o [1]
  .rodata            const    0x08003e24     0x0  zero_init3.o [4]
  .rodata            const    0x08003e24     0x0  copy_init3.o [4]
                            - 0x08003e24  0x3d00

"P2", part 1 of 3:                          0x28
  P2-1                        0x20000000    0x26  <Init block>
    .data            inited   0x20000000     0x8  main.o [1]
    .data            inited   0x20000008    0x1c  stm32l1xx_rcc.o [1]
    .data            inited   0x20000024     0x1  flexsea_board.o [1]
    .data            inited   0x20000025     0x1  plan_fatfs.o [1]
                            - 0x20000026    0x26

"P2", part 2 of 3:                        0x1000
  CSTACK                      0x20000028  0x1000  <Block>
    CSTACK           uninit   0x20000028  0x1000  <Block tail>
                            - 0x20001028  0x1000

"P2", part 3 of 3:                        0x1128
  .bss               zero     0x20001028   0x9f0  flexsea_comm.o [1]
  .bss               zero     0x20001a18   0x5f4  flexsea.o [1]
  .bss               zero     0x2000200c    0x34  flexsea_global_structs.o [1]
  .bss               zero     0x20002040    0x30  flexsea_comm.o [1]
  .bss               zero     0x20002070    0x30  flexsea_system.o [1]
  .bss               zero     0x200020a0    0x30  main.o [1]
  .bss               zero     0x200020d0    0x24  flexsea_system.o [1]
  .bss               zero     0x200020f4    0x20  flexsea_global_structs.o [1]
  .bss               zero     0x20002114    0x1c  main.o [1]
  .bss               zero     0x20002130     0x8  ff.o [1]
  .bss               zero     0x20002138     0x8  flexsea_comm.o [1]
  .bss               zero     0x20002140     0x8  plan_sd.o [1]
  .bss               zero     0x20002148     0x2  flexsea_system.o [1]
  .bss               zero     0x2000214a     0x2  main.o [1]
  .bss               zero     0x2000214c     0x1  flexsea_system.o [1]
  .bss               zero     0x2000214d     0x1  flexsea_system.o [1]
  .bss               zero     0x2000214e     0x1  plan_fatfs.o [1]
                            - 0x2000214f  0x1127


*******************************************************************************
*** INIT TABLE
***

          Address     Size
          -------     ----
Zero (__iar_zero_init3)
    1 destination range, total size 0x1127:
          0x20001028  0x1127

Copy (__iar_copy_init3)
    1 source range, total size 0x28 (105% of destination):
          0x08003cb8    0x28
    1 destination range, total size 0x26:
          0x20000000    0x26



*******************************************************************************
*** MODULE SUMMARY
***

    Module                    ro code  ro data  rw data
    ------                    -------  -------  -------
C:\RICNU-Knee-HLCI\RICNU-Plan\RICNU-Plan-STM32\Project\EWARM\STM32L152RC\Obj: [1]
    cmd-RICNU_Knee_v1.o           728
    ff.o                        5 812                 8
    ffunicode.o                 1 196
    flexsea.o                     120             1 524
    flexsea_board.o                16        1        1
    flexsea_cmd_user.o             32
    flexsea_comm.o                148             2 600
    flexsea_global_structs.o                         84
    flexsea_payload.o              22
    flexsea_system.o              284                88
    jsmn.o                        830
    main.o                        348        8       86
    misc.o                        108
    plan_comm.o                   300
    plan_config.o               1 294
    plan_fatfs.o                  168        1        2
    plan_led.o                     52
    plan_sd.o                     944                 8
    plan_state_system.o           108
    plan_utilities.o              284
    startup_stm32l1xx_mdp.o       500
    stm32l1xx_dma.o               368
    stm32l1xx_exti.o              136
    stm32l1xx_gpio.o              152
    stm32l1xx_it.o                388
    stm32l1xx_rcc.o               272       28       28
    stm32l1xx_spi.o               214
    stm32l1xx_syscfg.o             40
    stm32l1xx_usart.o             192
    system_stm32l1xx.o            252
    ---------------------------------------------------
    Total:                     15 308       38    4 429

command line: [2]
    ---------------------------------------------------
    Total:

dl7M_tln.a: [3]
    exit.o                          4
    low_level_init.o                4
    ---------------------------------------------------
    Total:                          8

rt7M_tl.a: [4]
    ABImemclr.o                     6
    ABImemcpy_unaligned.o         118
    ABImemset.o                   102
    cexit.o                        10
    cmain.o                        26
    copy_init3.o                   44
    cstartup_M.o                   12
    data_init.o                    40
    strlen.o                       54
    zero_init3.o                   64
    ---------------------------------------------------
    Total:                        476

shb_l.a: [5]
    exit.o                         20
    ---------------------------------------------------
    Total:                         20

    Gaps                           20
    Linker created                          38    4 096
-------------------------------------------------------
    Grand Total:               15 832       76    8 525


*******************************************************************************
*** ENTRY LIST
***

Entry                      Address   Size  Type      Object
-----                      -------   ----  ----      ------
.iar.init_table$$Base   0x08003ce0          --   Gb  - Linker created -
.iar.init_table$$Limit  0x08003d04          --   Gb  - Linker created -
?main                   0x08003d05         Code  Gb  cmain.o [4]
APBAHBPrescTable        0x20000014   0x10  Data  Lc  stm32l1xx_rcc.o [1]
BusFault_Handler        0x08003657    0x2  Code  Gb  stm32l1xx_it.o [1]
CSTACK$$Base            0x20000028          --   Gb  - Linker created -
CSTACK$$Limit           0x20001028          --   Gb  - Linker created -
DMA1_Channel4_IRQHandler
                        0x08003737   0x28  Code  Gb  stm32l1xx_it.o [1]
DMA1_Channel5_IRQHandler
                        0x0800375f   0x16  Code  Gb  stm32l1xx_it.o [1]
DMA1_Channel6_IRQHandler
                        0x08003775   0x16  Code  Gb  stm32l1xx_it.o [1]
DMA1_Channel7_IRQHandler
                        0x0800378b   0x16  Code  Gb  stm32l1xx_it.o [1]
DMA_ClearITPendingBit   0x08002be3    0xc  Code  Gb  stm32l1xx_dma.o [1]
DMA_Cmd                 0x08002bbf   0x14  Code  Gb  stm32l1xx_dma.o [1]
DMA_DeInit              0x08002ab9   0xd0  Code  Gb  stm32l1xx_dma.o [1]
DMA_ITConfig            0x08002bd3   0x10  Code  Gb  stm32l1xx_dma.o [1]
DMA_Init                0x08002b89   0x36  Code  Gb  stm32l1xx_dma.o [1]
DMA_config              0x080027db  0x11a  Code  Gb  plan_config.o [1]
DebugMon_Handler        0x0800365d    0x2  Code  Gb  stm32l1xx_it.o [1]
EXTI0_IRQHandler        0x0800367b   0x82  Code  Gb  stm32l1xx_it.o [1]
EXTI1_IRQHandler        0x080036fd   0x3a  Code  Gb  stm32l1xx_it.o [1]
EXTI_ClearITPendingBit  0x08002d35    0x2  Code  Gb  stm32l1xx_exti.o [1]
EXTI_GetITStatus        0x08002d25   0x10  Code  Gb  stm32l1xx_exti.o [1]
EXTI_Init               0x08002cbd   0x68  Code  Gb  stm32l1xx_exti.o [1]
EXTI_config             0x0800299f   0x58  Code  Gb  plan_config.o [1]
ExCvt                   0x08001758   0x80  Data  Lc  ff.o [1]
FatFs                   0x20002134    0x4  Data  Lc  ff.o [1]
Fsid                    0x20002130    0x2  Data  Lc  ff.o [1]
GPIO_Init               0x08002269   0x60  Code  Gb  stm32l1xx_gpio.o [1]
GPIO_PinAFConfig        0x080022d9   0x28  Code  Gb  stm32l1xx_gpio.o [1]
GPIO_ResetBits          0x080022cd    0x4  Code  Gb  stm32l1xx_gpio.o [1]
GPIO_SetBits            0x080022c9    0x4  Code  Gb  stm32l1xx_gpio.o [1]
GPIO_ToggleBits         0x080022d1    0x8  Code  Gb  stm32l1xx_gpio.o [1]
GPIO_config             0x080024e9  0x248  Code  Gb  plan_config.o [1]
HardFault_Handler       0x08003647    0xe  Code  Gb  stm32l1xx_it.o [1]
LED_config              0x08003af5   0x34  Code  Gb  plan_led.o [1]
LED_err_count           0x20000004    0x4  Data  Gb  main.o [1]
LfnOfs                  0x08000b5c   0x10  Data  Lc  ff.o [1]
MemManage_Handler       0x08003655    0x2  Code  Gb  stm32l1xx_it.o [1]
NMI_Handler             0x08003645    0x2  Code  Gb  stm32l1xx_it.o [1]
NVIC_Init               0x08002c29   0x5c  Code  Gb  misc.o [1]
NVIC_config             0x0800292d   0x70  Code  Gb  plan_config.o [1]
PLLMulTable             0x20000008    0xc  Data  Lc  stm32l1xx_rcc.o [1]
PendSV_Handler          0x0800365f    0x2  Code  Gb  stm32l1xx_it.o [1]
RCC_AHBPeriphClockCmd   0x08002469   0x12  Code  Gb  stm32l1xx_rcc.o [1]
RCC_APB1PeriphClockCmd  0x0800248d   0x12  Code  Gb  stm32l1xx_rcc.o [1]
RCC_APB1PeriphResetCmd  0x080024b1   0x12  Code  Gb  stm32l1xx_rcc.o [1]
RCC_APB2PeriphClockCmd  0x0800247b   0x12  Code  Gb  stm32l1xx_rcc.o [1]
RCC_APB2PeriphResetCmd  0x0800249f   0x12  Code  Gb  stm32l1xx_rcc.o [1]
RCC_GetClocksFreq       0x080023d9   0x90  Code  Gb  stm32l1xx_rcc.o [1]
REBUILD_UINT16          0x08003377   0x14  Code  Gb  flexsea.o [1]
REBUILD_UINT32          0x080033b3   0x22  Code  Gb  flexsea.o [1]
RTC_config              0x0800299d    0x2  Code  Gb  plan_config.o [1]
Region$$Table$$Base     0x08003ce0          --   Gb  - Linker created -
Region$$Table$$Limit    0x08003d04          --   Gb  - Linker created -
SD_Detect               0x08001d9d   0x14  Code  Gb  plan_sd.o [1]
SD_Init                 0x08001db1  0x188  Code  Gb  plan_sd.o [1]
SD_ReadData             0x0800206d   0xa0  Code  Gb  plan_sd.o [1]
SD_SendCmd              0x08001f39  0x134  Code  Gb  plan_sd.o [1]
SPI_Cmd                 0x0800239d   0x14  Code  Gb  stm32l1xx_spi.o [1]
SPI_I2S_DMACmd          0x080023b9   0x10  Code  Gb  stm32l1xx_spi.o [1]
SPI_I2S_DeInit          0x08002301   0x58  Code  Gb  stm32l1xx_spi.o [1]
SPI_I2S_GetFlagStatus   0x080023c9    0xe  Code  Gb  stm32l1xx_spi.o [1]
SPI_I2S_ReceiveData     0x080023b1    0x4  Code  Gb  stm32l1xx_spi.o [1]
SPI_I2S_SendData        0x080023b5    0x4  Code  Gb  stm32l1xx_spi.o [1]
SPI_Init                0x08002365   0x38  Code  Gb  stm32l1xx_spi.o [1]
SPI_WriteByte           0x0800210d   0x30  Code  Gb  plan_sd.o [1]
SPI_config              0x08002731   0x5a  Code  Gb  plan_config.o [1]
SPLIT_16                0x0800335f   0x18  Code  Gb  flexsea.o [1]
SPLIT_32                0x0800338b   0x28  Code  Gb  flexsea.o [1]
SVC_Handler             0x0800365b    0x2  Code  Gb  stm32l1xx_it.o [1]
SYSCFG_EXTILineConfig   0x08002c95   0x24  Code  Gb  stm32l1xx_syscfg.o [1]
SysTick_Handler         0x08003661   0x1a  Code  Gb  stm32l1xx_it.o [1]
SystemInit              0x08003b29   0xe4  Code  Gb  system_stm32l1xx.o [1]
USART_Cmd               0x08002a95   0x14  Code  Gb  stm32l1xx_usart.o [1]
USART_DMACmd            0x08002aa9   0x10  Code  Gb  stm32l1xx_usart.o [1]
USART_Init              0x080029f9   0x96  Code  Gb  stm32l1xx_usart.o [1]
USART_config            0x0800278b   0x50  Code  Gb  plan_config.o [1]
UsageFault_Handler      0x08003659    0x2  Code  Gb  stm32l1xx_it.o [1]
__aeabi_memclr          0x08001881         Code  Gb  ABImemclr.o [4]
__aeabi_memset          0x08001d35         Code  Gb  ABImemset.o [4]
__cmain                 0x08003d05         Code  Gb  cmain.o [4]
__exit                  0x08003d35   0x14  Code  Gb  exit.o [5]
__iar_Memset            0x08001d35         Code  Gb  ABImemset.o [4]
__iar_Memset_word       0x08001d3d         Code  Gb  ABImemset.o [4]
__iar_copy_init3        0x08003c65   0x2c  Code  Gb  copy_init3.o [4]
__iar_data_init3        0x08003c91   0x28  Code  Gb  data_init.o [4]
__iar_program_start     0x08003d59         Code  Gb  cstartup_M.o [4]
__iar_unaligned___aeabi_memcpy
                        0x08003539         Code  Gb  ABImemcpy_unaligned.o [4]
__iar_unaligned___aeabi_memcpy4
                        0x08003559         Code  Gb  ABImemcpy_unaligned.o [4]
__iar_unaligned___aeabi_memcpy8
                        0x08003559         Code  Gb  ABImemcpy_unaligned.o [4]
__iar_zero_init3        0x08003c25   0x40  Code  Gb  zero_init3.o [4]
__low_level_init        0x08003d1f    0x4  Code  Gb  low_level_init.o [3]
__vector_table          0x08000000         Data  Gb  startup_stm32l1xx_mdp.o [1]
_call_main              0x08003d11         Code  Gb  cmain.o [4]
_exit                   0x08003d29         Code  Gb  cexit.o [4]
_main                   0x08003d1b         Code  Gb  cmain.o [4]
batt1                   0x200020f4   0x20  Data  Gb  flexsea_global_structs.o [1]
board_id                0x20000024    0x1  Data  Gb  flexsea_board.o [1]
change_spi_mode         0x08002185   0x84  Code  Gb  plan_utilities.o [1]
change_sys_state        0x080037c9   0x40  Code  Gb  plan_state_system.o [1]
check_fs                0x08000dcd   0x6c  Code  Lc  ff.o [1]
clst2sect               0x080001db   0x18  Code  Lc  ff.o [1]
cmdCode                 0x2000214c    0x1  Data  Gb  flexsea_system.o [1]
cmdLen                  0x20002148    0x2  Data  Gb  flexsea_system.o [1]
cmdType                 0x2000214d    0x1  Data  Gb  flexsea_system.o [1]
commSpy1                0x20002138    0x8  Data  Gb  flexsea_comm.o [1]
comm_gen_str            0x080035b1   0x90  Code  Gb  flexsea_comm.o [1]
comm_str_1              0x20002040   0x30  Data  Gb  flexsea_comm.o [1]
create_chain            0x080003ab   0xde  Code  Lc  ff.o [1]
create_name             0x08000b6d  0x212  Code  Lc  ff.o [1]
dir_find                0x080006f9  0x16a  Code  Lc  ff.o [1]
dir_next                0x08000517   0xf4  Code  Lc  ff.o [1]
dir_register            0x08000863  0x2fa  Code  Lc  ff.o [1]
dir_sdi                 0x08000489   0x88  Code  Lc  ff.o [1]
disk_initialize         0x080017e5   0x2c  Code  Gb  plan_fatfs.o [1]
disk_ioctl              0x08001871    0x2  Code  Gb  plan_fatfs.o [1]
disk_read               0x08001811   0x5e  Code  Gb  plan_fatfs.o [1]
disk_status             0x080017d9    0xc  Code  Gb  plan_fatfs.o [1]
disk_write              0x0800186f    0x2  Code  Gb  plan_fatfs.o [1]
diskrslt                0x2000214e    0x1  Data  Gb  plan_fatfs.o [1]
diskstat                0x20000025    0x1  Data  Gb  plan_fatfs.o [1]
exit                    0x08003d23    0x4  Code  Gb  exit.o [3]
f_close                 0x08001729   0x20  Code  Gb  ff.o [1]
f_mount                 0x080010ed   0x62  Code  Gb  ff.o [1]
f_open                  0x08001165  0x372  Code  Gb  ff.o [1]
f_read                  0x080014d7  0x158  Code  Gb  ff.o [1]
f_sync                  0x08001635   0xf4  Code  Gb  ff.o [1]
ff_oem2uni              0x080018e3   0x28  Code  Gb  ffunicode.o [1]
ff_uni2oem              0x08001889   0x5a  Code  Gb  ffunicode.o [1]
ff_wtoupper             0x0800190d   0x78  Code  Gb  ffunicode.o [1]
ff_wtoupper::cvt1       0x08001a84  0x1f4  Data  Lc  ffunicode.o [1]
ff_wtoupper::cvt2       0x08001c78   0xbc  Data  Lc  ffunicode.o [1]
find_volume             0x08000e3d  0x274  Code  Lc  ff.o [1]
flexsea_error           0x0800335d    0x2  Code  Gb  flexsea.o [1]
flexsea_payload_catchall
                        0x08003401    0x2  Code  Gb  flexsea_system.o [1]
flexsea_payload_ptr     0x20001a18  0x5f4  Data  Gb  flexsea.o [1]
flexsea_send_serial_master
                        0x08003513    0x2  Code  Gb  flexsea_board.o [1]
flexsea_send_serial_slave
                        0x08003511    0x2  Code  Gb  flexsea_board.o [1]
gen_numname             0x08000641   0x9c  Code  Lc  ff.o [1]
getBoardID              0x08003515    0x6  Code  Gb  flexsea_board.o [1]
get_fat                 0x080001f3   0xba  Code  Lc  ff.o [1]
get_ldnumber            0x08000d8d   0x40  Code  Lc  ff.o [1]
init_flexsea_payload_ptr
                        0x080033d5   0x2c  Code  Gb  flexsea_system.o [1]
init_flexsea_payload_ptr_user
                        0x080034f1   0x20  Code  Gb  flexsea_cmd_user.o [1]
initialize              0x0800392d   0x7c  Code  Gb  main.o [1]
jsmn_init               0x08003075    0xe  Code  Gb  jsmn.o [1]
jsmn_parse              0x08002e25  0x250  Code  Gb  jsmn.o [1]
jsmn_parse_string       0x08002d45   0xe0  Code  Lc  jsmn.o [1]
ld_clust                0x0800060b   0x1e  Code  Lc  ff.o [1]
ld_dword                0x08000125   0x16  Code  Lc  ff.o [1]
main                    0x0800386d   0xc0  Code  Gb  main.o [1]
mem_cmp                 0x0800014b   0x18  Code  Lc  ff.o [1]
move_window             0x080001a7   0x34  Code  Lc  ff.o [1]
pack                    0x0800345d   0x24  Code  Gb  flexsea_system.o [1]
packAndSend             0x08003481   0x62  Code  Gb  flexsea_system.o [1]
pack_P2U                0x08003a1d   0x2a  Code  Gb  plan_comm.o [1]
pack_U2P                0x08003a47   0x6c  Code  Gb  plan_comm.o [1]
packet                  0x20001028  0x9f0  Data  Gb  flexsea_comm.o [1]
prepare_empty_payload   0x08003521   0x16  Code  Gb  flexsea_payload.o [1]
put_fat                 0x080002ad   0xfe  Code  Lc  ff.o [1]
read_line               0x08002209   0x42  Code  Gb  plan_utilities.o [1]
resp                    0x20002140    0x8  Data  Gb  plan_sd.o [1]
ricnu_1                 0x2000200c   0x34  Data  Gb  flexsea_global_structs.o [1]
rx_cmd_ricnu_rr         0x0800318b  0x1b2  Code  Gb  cmd-RICNU_Knee_v1.o [1]
rx_cmd_ricnu_rw         0x08003111   0x7a  Code  Gb  cmd-RICNU_Knee_v1.o [1]
rx_cmd_ricnu_w          0x08003355    0x8  Code  Gb  cmd-RICNU_Knee_v1.o [1]
set_tick                0x0800214d   0x38  Code  Gb  plan_utilities.o [1]
spi_rx_buffer           0x200020a0   0x30  Data  Gb  main.o [1]
st_clust                0x08000629   0x18  Code  Lc  ff.o [1]
st_dword                0x0800013b   0x10  Code  Lc  ff.o [1]
state_time_us           0x20000002    0x2  Data  Gb  main.o [1]
strlen                  0x08003835         Code  Gb  strlen.o [4]
sum_sfn                 0x080006dd   0x1c  Code  Lc  ff.o [1]
sync_window             0x08000163   0x44  Code  Lc  ff.o [1]
sys_state               0x20000001    0x1  Data  Gb  main.o [1]
systick_update          0x20000000    0x1  Data  Gb  main.o [1]
tmpPayload              0x200020d0   0x24  Data  Gb  flexsea_system.o [1]
tmp_comm_str            0x20002070   0x30  Data  Gb  flexsea_system.o [1]
transitionTable         0x08003808   0x2c  Data  Lc  plan_state_system.o [1]
tx_cmd                  0x08003403   0x5a  Code  Gb  flexsea_system.o [1]
tx_cmd_ricnu_rw         0x08003085   0x8c  Code  Gb  cmd-RICNU_Knee_v1.o [1]
uc437                   0x08001984  0x100  Data  Lc  ffunicode.o [1]
update_Manage           0x080039c9   0x3e  Code  Gb  plan_comm.o [1]
update_User             0x08003a07   0x16  Code  Gb  plan_comm.o [1]
usart_rx_buffer         0x2000214a    0x2  Data  Gb  main.o [1]
usart_tx_buffer         0x20002114   0x1c  Data  Gb  main.o [1]
validate                0x080010b7   0x36  Code  Lc  ff.o [1]


[1] = C:\RICNU-Knee-HLCI\RICNU-Plan\RICNU-Plan-STM32\Project\EWARM\STM32L152RC\Obj
[2] = command line
[3] = dl7M_tln.a
[4] = rt7M_tl.a
[5] = shb_l.a

  15 832 bytes of readonly  code memory
      76 bytes of readonly  data memory
   8 525 bytes of readwrite data memory

Errors: none
Warnings: none
