###############################################################################
#
# IAR ELF Linker V7.80.4.12462/W32 for ARM                30/Aug/2017  14:58:50
# Copyright 2007-2017 IAR Systems AB.
#
#    Output file  =  
#        C:\RICNU-Knee-HLCI\RICNU-Plan\RICNU-Plan-STM32\Project\EWARM\STM32L152RC\Exe\Project.out
#    Map file     =  
#        C:\RICNU-Knee-HLCI\RICNU-Plan\RICNU-Plan-STM32\Project\EWARM\STM32L152RC\List\Project.map
#    Command line =  
#        C:\RICNU-Knee-HLCI\RICNU-Plan\RICNU-Plan-STM32\Project\EWARM\STM32L152RC\Obj\cmd-MIT_2DoF_Ankle_v1.o
#        C:\RICNU-Knee-HLCI\RICNU-Plan\RICNU-Plan-STM32\Project\EWARM\STM32L152RC\Obj\cmd-MotorTestBench.o
#        C:\RICNU-Knee-HLCI\RICNU-Plan\RICNU-Plan-STM32\Project\EWARM\STM32L152RC\Obj\cmd-RICNU_Knee_v1.o
#        C:\RICNU-Knee-HLCI\RICNU-Plan\RICNU-Plan-STM32\Project\EWARM\STM32L152RC\Obj\dynamic_user_structs_common.o
#        C:\RICNU-Knee-HLCI\RICNU-Plan\RICNU-Plan-STM32\Project\EWARM\STM32L152RC\Obj\dynamic_user_structs_plan.o
#        C:\RICNU-Knee-HLCI\RICNU-Plan\RICNU-Plan-STM32\Project\EWARM\STM32L152RC\Obj\ff.o
#        C:\RICNU-Knee-HLCI\RICNU-Plan\RICNU-Plan-STM32\Project\EWARM\STM32L152RC\Obj\ffsystem.o
#        C:\RICNU-Knee-HLCI\RICNU-Plan\RICNU-Plan-STM32\Project\EWARM\STM32L152RC\Obj\ffunicode.o
#        C:\RICNU-Knee-HLCI\RICNU-Plan\RICNU-Plan-STM32\Project\EWARM\STM32L152RC\Obj\flexsea.o
#        C:\RICNU-Knee-HLCI\RICNU-Plan\RICNU-Plan-STM32\Project\EWARM\STM32L152RC\Obj\flexsea_board.o
#        C:\RICNU-Knee-HLCI\RICNU-Plan\RICNU-Plan-STM32\Project\EWARM\STM32L152RC\Obj\flexsea_buffers.o
#        C:\RICNU-Knee-HLCI\RICNU-Plan\RICNU-Plan-STM32\Project\EWARM\STM32L152RC\Obj\flexsea_circular_buffer.o
#        C:\RICNU-Knee-HLCI\RICNU-Plan\RICNU-Plan-STM32\Project\EWARM\STM32L152RC\Obj\flexsea_cmd_calibration.o
#        C:\RICNU-Knee-HLCI\RICNU-Plan\RICNU-Plan-STM32\Project\EWARM\STM32L152RC\Obj\flexsea_cmd_control_1.o
#        C:\RICNU-Knee-HLCI\RICNU-Plan\RICNU-Plan-STM32\Project\EWARM\STM32L152RC\Obj\flexsea_cmd_control_2.o
#        C:\RICNU-Knee-HLCI\RICNU-Plan\RICNU-Plan-STM32\Project\EWARM\STM32L152RC\Obj\flexsea_cmd_data.o
#        C:\RICNU-Knee-HLCI\RICNU-Plan\RICNU-Plan-STM32\Project\EWARM\STM32L152RC\Obj\flexsea_cmd_external.o
#        C:\RICNU-Knee-HLCI\RICNU-Plan\RICNU-Plan-STM32\Project\EWARM\STM32L152RC\Obj\flexsea_cmd_in_control.o
#        C:\RICNU-Knee-HLCI\RICNU-Plan\RICNU-Plan-STM32\Project\EWARM\STM32L152RC\Obj\flexsea_cmd_sensors.o
#        C:\RICNU-Knee-HLCI\RICNU-Plan\RICNU-Plan-STM32\Project\EWARM\STM32L152RC\Obj\flexsea_cmd_stream.o
#        C:\RICNU-Knee-HLCI\RICNU-Plan\RICNU-Plan-STM32\Project\EWARM\STM32L152RC\Obj\flexsea_cmd_tools.o
#        C:\RICNU-Knee-HLCI\RICNU-Plan\RICNU-Plan-STM32\Project\EWARM\STM32L152RC\Obj\flexsea_cmd_user.o
#        C:\RICNU-Knee-HLCI\RICNU-Plan\RICNU-Plan-STM32\Project\EWARM\STM32L152RC\Obj\flexsea_comm.o
#        C:\RICNU-Knee-HLCI\RICNU-Plan\RICNU-Plan-STM32\Project\EWARM\STM32L152RC\Obj\flexsea_global_structs.o
#        C:\RICNU-Knee-HLCI\RICNU-Plan\RICNU-Plan-STM32\Project\EWARM\STM32L152RC\Obj\flexsea_payload.o
#        C:\RICNU-Knee-HLCI\RICNU-Plan\RICNU-Plan-STM32\Project\EWARM\STM32L152RC\Obj\flexsea_system.o
#        C:\RICNU-Knee-HLCI\RICNU-Plan\RICNU-Plan-STM32\Project\EWARM\STM32L152RC\Obj\flexsea_user_structs.o
#        C:\RICNU-Knee-HLCI\RICNU-Plan\RICNU-Plan-STM32\Project\EWARM\STM32L152RC\Obj\jsmn.o
#        C:\RICNU-Knee-HLCI\RICNU-Plan\RICNU-Plan-STM32\Project\EWARM\STM32L152RC\Obj\main.o
#        C:\RICNU-Knee-HLCI\RICNU-Plan\RICNU-Plan-STM32\Project\EWARM\STM32L152RC\Obj\misc.o
#        C:\RICNU-Knee-HLCI\RICNU-Plan\RICNU-Plan-STM32\Project\EWARM\STM32L152RC\Obj\plan_comm.o
#        C:\RICNU-Knee-HLCI\RICNU-Plan\RICNU-Plan-STM32\Project\EWARM\STM32L152RC\Obj\plan_config.o
#        C:\RICNU-Knee-HLCI\RICNU-Plan\RICNU-Plan-STM32\Project\EWARM\STM32L152RC\Obj\plan_fatfs.o
#        C:\RICNU-Knee-HLCI\RICNU-Plan\RICNU-Plan-STM32\Project\EWARM\STM32L152RC\Obj\plan_fsm_builder.o
#        C:\RICNU-Knee-HLCI\RICNU-Plan\RICNU-Plan-STM32\Project\EWARM\STM32L152RC\Obj\plan_led.o
#        C:\RICNU-Knee-HLCI\RICNU-Plan\RICNU-Plan-STM32\Project\EWARM\STM32L152RC\Obj\plan_sd.o
#        C:\RICNU-Knee-HLCI\RICNU-Plan\RICNU-Plan-STM32\Project\EWARM\STM32L152RC\Obj\plan_state_system.o
#        C:\RICNU-Knee-HLCI\RICNU-Plan\RICNU-Plan-STM32\Project\EWARM\STM32L152RC\Obj\plan_utilities.o
#        C:\RICNU-Knee-HLCI\RICNU-Plan\RICNU-Plan-STM32\Project\EWARM\STM32L152RC\Obj\startup_stm32l1xx_mdp.o
#        C:\RICNU-Knee-HLCI\RICNU-Plan\RICNU-Plan-STM32\Project\EWARM\STM32L152RC\Obj\stm32l1xx_dma.o
#        C:\RICNU-Knee-HLCI\RICNU-Plan\RICNU-Plan-STM32\Project\EWARM\STM32L152RC\Obj\stm32l1xx_exti.o
#        C:\RICNU-Knee-HLCI\RICNU-Plan\RICNU-Plan-STM32\Project\EWARM\STM32L152RC\Obj\stm32l1xx_gpio.o
#        C:\RICNU-Knee-HLCI\RICNU-Plan\RICNU-Plan-STM32\Project\EWARM\STM32L152RC\Obj\stm32l1xx_it.o
#        C:\RICNU-Knee-HLCI\RICNU-Plan\RICNU-Plan-STM32\Project\EWARM\STM32L152RC\Obj\stm32l1xx_pwr.o
#        C:\RICNU-Knee-HLCI\RICNU-Plan\RICNU-Plan-STM32\Project\EWARM\STM32L152RC\Obj\stm32l1xx_rcc.o
#        C:\RICNU-Knee-HLCI\RICNU-Plan\RICNU-Plan-STM32\Project\EWARM\STM32L152RC\Obj\stm32l1xx_spi.o
#        C:\RICNU-Knee-HLCI\RICNU-Plan\RICNU-Plan-STM32\Project\EWARM\STM32L152RC\Obj\stm32l1xx_syscfg.o
#        C:\RICNU-Knee-HLCI\RICNU-Plan\RICNU-Plan-STM32\Project\EWARM\STM32L152RC\Obj\stm32l1xx_tim.o
#        C:\RICNU-Knee-HLCI\RICNU-Plan\RICNU-Plan-STM32\Project\EWARM\STM32L152RC\Obj\stm32l1xx_usart.o
#        C:\RICNU-Knee-HLCI\RICNU-Plan\RICNU-Plan-STM32\Project\EWARM\STM32L152RC\Obj\system_stm32l1xx.o
#        --redirect _Printf=_PrintfSmall --redirect _Scanf=_ScanfSmall -o
#        C:\RICNU-Knee-HLCI\RICNU-Plan\RICNU-Plan-STM32\Project\EWARM\STM32L152RC\Exe\Project.out
#        --map
#        C:\RICNU-Knee-HLCI\RICNU-Plan\RICNU-Plan-STM32\Project\EWARM\STM32L152RC\List\Project.map
#        --config
#        C:\RICNU-Knee-HLCI\RICNU-Plan\RICNU-Plan-STM32\Project\EWARM\Project.icf
#        --semihosting --entry __iar_program_start --vfe
#
###############################################################################

*******************************************************************************
*** RUNTIME MODEL ATTRIBUTES
***

CppFlavor       = *
__Heap_Handler  = Basic
__SystemLibrary = DLib


*******************************************************************************
*** PLACEMENT SUMMARY
***

"A0":  place at 0x08000000 { ro section .intvec };
"P1":  place in [from 0x08000000 to 0x0803ffff] { ro };
"P2":  place in [from 0x20000000 to 0x20007fff] { rw, block CSTACK, block HEAP };
initialize by copy { rw };

  Section            Kind        Address    Size  Object
  -------            ----        -------    ----  ------
"A0":                                      0x124
  .intvec            ro code  0x08000000   0x124  startup_stm32l1xx_mdp.o [1]
                            - 0x08000124   0x124

"P1":                                     0x479c
  .text              ro code  0x08000124  0x1844  ff.o [1]
  .text              ro code  0x08001968   0x140  plan_fatfs.o [1]
  .text              ro code  0x08001aa8   0x12c  ffunicode.o [1]
  .text              ro code  0x08001bd4   0x37e  plan_sd.o [1]
  .text              ro code  0x08001f54   0x124  plan_utilities.o [1]
  .text              ro code  0x08002078    0xf6  stm32l1xx_gpio.o [1]
  .text              ro code  0x08002170    0xf2  stm32l1xx_spi.o [1]
  .text              ro code  0x08002264   0x1ac  stm32l1xx_rcc.o [1]
  .text              ro code  0x08002410   0x554  plan_config.o [1]
  .text              ro code  0x08002964    0xf0  stm32l1xx_usart.o [1]
  .text              ro code  0x08002a54   0x1c4  stm32l1xx_dma.o [1]
  .text              ro code  0x08002c18    0x70  misc.o [1]
  .text              ro code  0x08002c88    0x54  stm32l1xx_syscfg.o [1]
  .text              ro code  0x08002cdc    0xb8  stm32l1xx_exti.o [1]
  .text              ro code  0x08002d94   0x40c  jsmn.o [1]
  .text              ro code  0x080031a0   0x3f4  cmd-RICNU_Knee_v1.o [1]
  .text              ro code  0x08003594    0x90  flexsea.o [1]
  .text              ro code  0x08003624   0x178  flexsea_system.o [1]
  .text              ro code  0x0800379c    0x2c  flexsea_cmd_user.o [1]
  .text              ro code  0x080037c8    0x10  flexsea_board.o [1]
  .text              ro code  0x080037d8    0x18  flexsea_payload.o [1]
  .text              ro code  0x080037f0    0x76  ABImemcpy_unaligned.o [4]
  .text              ro code  0x08003868    0xc4  flexsea_comm.o [1]
  .text              ro code  0x0800392c    0x66  ABImemset.o [4]
  .rodata            const    0x08003994   0x1f4  ffunicode.o [1]
  .text              ro code  0x08003b88   0x1b4  main.o [1]
  .text              ro code  0x08003d3c    0x68  plan_state_system.o [1]
  .text              ro code  0x08003da4   0x174  plan_comm.o [1]
  .text              ro code  0x08003f18    0x38  plan_led.o [1]
  .text              ro code  0x08003f50   0x170  system_stm32l1xx.o [1]
  .text              ro code  0x080040c0   0x164  stm32l1xx_it.o [1]
  .text              ro code  0x08004224    0xa4  plan_fsm_builder.o [1]
  .text              ro code  0x080042c8    0xb0  xxmemxmalloc.o [3]
  .text              ro code  0x08004378    0x80  xxmemxfree.o [3]
  .text              ro code  0x080043f8    0x2c  xgetmemchunk.o [3]
  .rodata            const    0x08004424   0x100  ffunicode.o [1]
  .rodata            const    0x08004524    0xbc  ffunicode.o [1]
  .rodata            const    0x080045e0    0x80  ff.o [1]
  .text              ro code  0x08004660    0x40  zero_init3.o [4]
  .rodata            const    0x080046a0    0x2c  plan_state_system.o [1]
  .text              ro code  0x080046cc    0x2c  copy_init3.o [4]
  .text              ro code  0x080046f8    0x28  data_init.o [4]
  Initializer bytes  const    0x08004720    0x24  <for P2-1>
  .iar.init_table    const    0x08004744    0x24  - Linker created -
  .text              ro code  0x08004768    0x1a  cmain.o [4]
  .text              ro code  0x08004782     0x4  low_level_init.o [3]
  .text              ro code  0x08004786     0x4  exit.o [3]
  .text              ro code  0x0800478c     0xa  cexit.o [4]
  .text              ro code  0x08004798    0x14  exit.o [5]
  .rodata            const    0x080047ac    0x10  ff.o [1]
  .text              ro code  0x080047bc    0x10  startup_stm32l1xx_mdp.o [1]
  .rodata            const    0x080047cc     0xc  ff.o [1]
  .rodata            const    0x080047d8     0xc  plan_fsm_builder.o [1]
  .text              ro code  0x080047e4     0xc  cstartup_M.o [4]
  .rodata            const    0x080047f0     0x8  ff.o [1]
  .rodata            const    0x080047f8     0x8  ff.o [1]
  .text              ro code  0x08004800     0x4  startup_stm32l1xx_mdp.o [1]
  .text              ro code  0x08004804     0x4  startup_stm32l1xx_mdp.o [1]
  .text              ro code  0x08004808     0x4  startup_stm32l1xx_mdp.o [1]
  .text              ro code  0x0800480c     0x4  startup_stm32l1xx_mdp.o [1]
  .text              ro code  0x08004810     0x4  startup_stm32l1xx_mdp.o [1]
  .text              ro code  0x08004814     0x4  startup_stm32l1xx_mdp.o [1]
  .text              ro code  0x08004818     0x4  startup_stm32l1xx_mdp.o [1]
  .text              ro code  0x0800481c     0x4  startup_stm32l1xx_mdp.o [1]
  .text              ro code  0x08004820     0x4  startup_stm32l1xx_mdp.o [1]
  .text              ro code  0x08004824     0x4  startup_stm32l1xx_mdp.o [1]
  .text              ro code  0x08004828     0x4  startup_stm32l1xx_mdp.o [1]
  .text              ro code  0x0800482c     0x4  startup_stm32l1xx_mdp.o [1]
  .text              ro code  0x08004830     0x4  startup_stm32l1xx_mdp.o [1]
  .text              ro code  0x08004834     0x4  startup_stm32l1xx_mdp.o [1]
  .text              ro code  0x08004838     0x4  startup_stm32l1xx_mdp.o [1]
  .text              ro code  0x0800483c     0x4  startup_stm32l1xx_mdp.o [1]
  .text              ro code  0x08004840     0x4  startup_stm32l1xx_mdp.o [1]
  .text              ro code  0x08004844     0x4  startup_stm32l1xx_mdp.o [1]
  .text              ro code  0x08004848     0x4  startup_stm32l1xx_mdp.o [1]
  .text              ro code  0x0800484c     0x4  startup_stm32l1xx_mdp.o [1]
  .text              ro code  0x08004850     0x4  startup_stm32l1xx_mdp.o [1]
  .text              ro code  0x08004854     0x4  startup_stm32l1xx_mdp.o [1]
  .text              ro code  0x08004858     0x4  startup_stm32l1xx_mdp.o [1]
  .text              ro code  0x0800485c     0x4  startup_stm32l1xx_mdp.o [1]
  .text              ro code  0x08004860     0x4  startup_stm32l1xx_mdp.o [1]
  .text              ro code  0x08004864     0x4  startup_stm32l1xx_mdp.o [1]
  .text              ro code  0x08004868     0x4  startup_stm32l1xx_mdp.o [1]
  .text              ro code  0x0800486c     0x4  startup_stm32l1xx_mdp.o [1]
  .text              ro code  0x08004870     0x4  startup_stm32l1xx_mdp.o [1]
  .text              ro code  0x08004874     0x4  startup_stm32l1xx_mdp.o [1]
  .text              ro code  0x08004878     0x4  startup_stm32l1xx_mdp.o [1]
  .text              ro code  0x0800487c     0x4  startup_stm32l1xx_mdp.o [1]
  .text              ro code  0x08004880     0x4  startup_stm32l1xx_mdp.o [1]
  .text              ro code  0x08004884     0x4  startup_stm32l1xx_mdp.o [1]
  .text              ro code  0x08004888     0x4  startup_stm32l1xx_mdp.o [1]
  .text              ro code  0x0800488c     0x4  startup_stm32l1xx_mdp.o [1]
  .text              ro code  0x08004890     0x4  startup_stm32l1xx_mdp.o [1]
  .text              ro code  0x08004894     0x4  startup_stm32l1xx_mdp.o [1]
  .text              ro code  0x08004898     0x4  startup_stm32l1xx_mdp.o [1]
  .text              ro code  0x0800489c     0x4  startup_stm32l1xx_mdp.o [1]
  .text              ro code  0x080048a0     0x4  startup_stm32l1xx_mdp.o [1]
  .text              ro code  0x080048a4     0x4  startup_stm32l1xx_mdp.o [1]
  .text              ro code  0x080048a8     0x4  startup_stm32l1xx_mdp.o [1]
  .text              ro code  0x080048ac     0x4  startup_stm32l1xx_mdp.o [1]
  .text              ro code  0x080048b0     0x4  startup_stm32l1xx_mdp.o [1]
  .text              ro code  0x080048b4     0x4  startup_stm32l1xx_mdp.o [1]
  .text              ro code  0x080048b8     0x4  startup_stm32l1xx_mdp.o [1]
  .text              ro code  0x080048bc     0x4  startup_stm32l1xx_mdp.o [1]
  .rodata            const    0x080048c0     0x0  zero_init3.o [4]
  .rodata            const    0x080048c0     0x0  copy_init3.o [4]
                            - 0x080048c0  0x479c

"P2", part 1 of 3:                          0x24
  P2-1                        0x20000000    0x23  <Init block>
    .data            inited   0x20000000     0x4  plan_state_system.o [1]
    .data            inited   0x20000004     0xc  stm32l1xx_rcc.o [1]
    .data            inited   0x20000010    0x10  stm32l1xx_rcc.o [1]
    .data            inited   0x20000020     0x1  flexsea_board.o [1]
    .data            inited   0x20000021     0x1  main.o [1]
    .data            inited   0x20000022     0x1  plan_fatfs.o [1]
                            - 0x20000023    0x23

"P2", part 2 of 3:                        0x4000
  CSTACK                      0x20000028  0x3000  <Block>
    CSTACK           uninit   0x20000028  0x3000  <Block tail>
  HEAP                        0x20003028  0x1000  <Block>
    HEAP             uninit   0x20003028  0x1000  <Block tail>
                            - 0x20004028  0x4000

"P2", part 3 of 3:                        0x1524
  .bss               zero     0x20004028   0x9f0  flexsea_comm.o [1]
  .bss               zero     0x20004a18   0x5f4  flexsea.o [1]
  .bss               zero     0x2000500c    0x34  flexsea_global_structs.o [1]
  .bss               zero     0x20005040   0x3e8  flexsea_global_structs.o [1]
  .bss               zero     0x20005428    0x30  flexsea_comm.o [1]
  .bss               zero     0x20005458    0x30  flexsea_system.o [1]
  .bss               zero     0x20005488    0x30  main.o [1]
  .bss               zero     0x200054b8    0x24  flexsea_system.o [1]
  .bss               zero     0x200054dc    0x20  flexsea_global_structs.o [1]
  .bss               zero     0x200054fc    0x1c  main.o [1]
  .bss               zero     0x20005518     0x8  flexsea_comm.o [1]
  .bss               zero     0x20005520     0x8  plan_sd.o [1]
  .bss               zero     0x20005528     0x8  xxmemxmalloc.o [3]
  .bss               zero     0x20005530     0x4  ff.o [1]
  .bss               zero     0x20005534     0x4  main.o [1]
  .bss               zero     0x20005538     0x4  plan_state_system.o [1]
  .bss               zero     0x2000553c     0x4  xgetmemchunk.o [3]
  .bss               zero     0x20005540     0x2  ff.o [1]
  .bss               zero     0x20005542     0x2  flexsea_system.o [1]
  .bss               zero     0x20005544     0x2  main.o [1]
  .bss               zero     0x20005546     0x2  main.o [1]
  .bss               zero     0x20005548     0x1  flexsea_system.o [1]
  .bss               zero     0x20005549     0x1  flexsea_system.o [1]
  .bss               zero     0x2000554a     0x1  main.o [1]
  .bss               zero     0x2000554b     0x1  plan_fatfs.o [1]
                            - 0x2000554c  0x1524


*******************************************************************************
*** INIT TABLE
***

          Address     Size
          -------     ----
Zero (__iar_zero_init3)
    1 destination range, total size 0x1524:
          0x20004028  0x1524

Copy (__iar_copy_init3)
    1 source range, total size 0x24 (102% of destination):
          0x08004720    0x24
    1 destination range, total size 0x23:
          0x20000000    0x23



*******************************************************************************
*** MODULE SUMMARY
***

    Module                    ro code  ro data  rw data
    ------                    -------  -------  -------
C:\RICNU-Knee-HLCI\RICNU-Plan\RICNU-Plan-STM32\Project\EWARM\STM32L152RC\Obj: [1]
    cmd-RICNU_Knee_v1.o         1 012
    ff.o                        6 212      172        6
    ffunicode.o                   300      944
    flexsea.o                     144             1 524
    flexsea_board.o                16        1        1
    flexsea_cmd_user.o             44
    flexsea_comm.o                196             2 600
    flexsea_global_structs.o                      1 084
    flexsea_payload.o              24
    flexsea_system.o              376                88
    jsmn.o                      1 036
    main.o                        436        1       86
    misc.o                        112
    plan_comm.o                   372
    plan_config.o               1 364
    plan_fatfs.o                  320        1        2
    plan_fsm_builder.o            164       12
    plan_led.o                     56
    plan_sd.o                     894                 8
    plan_state_system.o           104       48        8
    plan_utilities.o              292
    startup_stm32l1xx_mdp.o       500
    stm32l1xx_dma.o               452
    stm32l1xx_exti.o              184
    stm32l1xx_gpio.o              246
    stm32l1xx_it.o                356
    stm32l1xx_rcc.o               428       28       28
    stm32l1xx_spi.o               242
    stm32l1xx_syscfg.o             84
    stm32l1xx_usart.o             240
    system_stm32l1xx.o            368
    ---------------------------------------------------
    Total:                     16 574    1 207    5 435

command line: [2]
    ---------------------------------------------------
    Total:

dl7M_tln.a: [3]
    exit.o                          4
    low_level_init.o                4
    xgetmemchunk.o                 44                 4
    xxmemxfree.o                  128
    xxmemxmalloc.o                176                 8
    ---------------------------------------------------
    Total:                        356                12

rt7M_tl.a: [4]
    ABImemcpy_unaligned.o         118
    ABImemset.o                   102
    cexit.o                        10
    cmain.o                        26
    copy_init3.o                   44
    cstartup_M.o                   12
    data_init.o                    40
    zero_init3.o                   64
    ---------------------------------------------------
    Total:                        416

shb_l.a: [5]
    exit.o                         20
    ---------------------------------------------------
    Total:                         20

    Gaps                           12        2
    Linker created                          37   16 384
-------------------------------------------------------
    Grand Total:               17 378    1 246   21 831


*******************************************************************************
*** ENTRY LIST
***

Entry                      Address   Size  Type      Object
-----                      -------   ----  ----      ------
.iar.init_table$$Base   0x08004744          --   Gb  - Linker created -
.iar.init_table$$Limit  0x08004768          --   Gb  - Linker created -
?main                   0x08004769         Code  Gb  cmain.o [4]
APBAHBPrescTable        0x20000010   0x10  Data  Lc  stm32l1xx_rcc.o [1]
BusFault_Handler        0x080040d1    0x2  Code  Gb  stm32l1xx_it.o [1]
CSTACK$$Base            0x20000028          --   Gb  - Linker created -
CSTACK$$Limit           0x20003028          --   Gb  - Linker created -
DMA1_Channel4_IRQHandler
                        0x0800419b   0x26  Code  Gb  stm32l1xx_it.o [1]
DMA1_Channel5_IRQHandler
                        0x080041c1   0x14  Code  Gb  stm32l1xx_it.o [1]
DMA1_Channel6_IRQHandler
                        0x080041d5   0x14  Code  Gb  stm32l1xx_it.o [1]
DMA1_Channel7_IRQHandler
                        0x080041e9   0x14  Code  Gb  stm32l1xx_it.o [1]
DMA_ClearITPendingBit   0x08002bcf   0x10  Code  Gb  stm32l1xx_dma.o [1]
DMA_Cmd                 0x08002b9b   0x1c  Code  Gb  stm32l1xx_dma.o [1]
DMA_DeInit              0x08002a55  0x10a  Code  Gb  stm32l1xx_dma.o [1]
DMA_ITConfig            0x08002bb7   0x18  Code  Gb  stm32l1xx_dma.o [1]
DMA_Init                0x08002b5f   0x3c  Code  Gb  stm32l1xx_dma.o [1]
DMA_config              0x08002739  0x12a  Code  Gb  plan_config.o [1]
DebugMon_Handler        0x080040d7    0x2  Code  Gb  stm32l1xx_it.o [1]
EXTI0_IRQHandler        0x08004101   0x5c  Code  Gb  stm32l1xx_it.o [1]
EXTI1_IRQHandler        0x0800415d   0x3e  Code  Gb  stm32l1xx_it.o [1]
EXTI_ClearITPendingBit  0x08002d79    0x6  Code  Gb  stm32l1xx_exti.o [1]
EXTI_GetITStatus        0x08002d63   0x16  Code  Gb  stm32l1xx_exti.o [1]
EXTI_Init               0x08002cdd   0x86  Code  Gb  stm32l1xx_exti.o [1]
EXTI_config             0x0800290f   0x56  Code  Gb  plan_config.o [1]
ExCvt                   0x080045e0   0x80  Data  Lc  ff.o [1]
FatFs                   0x20005530    0x4  Data  Lc  ff.o [1]
Fsid                    0x20005540    0x2  Data  Lc  ff.o [1]
GPIO_Init               0x08002079   0x96  Code  Gb  stm32l1xx_gpio.o [1]
GPIO_PinAFConfig        0x0800211f   0x50  Code  Gb  stm32l1xx_gpio.o [1]
GPIO_ResetBits          0x08002113    0x4  Code  Gb  stm32l1xx_gpio.o [1]
GPIO_SetBits            0x0800210f    0x4  Code  Gb  stm32l1xx_gpio.o [1]
GPIO_ToggleBits         0x08002117    0x8  Code  Gb  stm32l1xx_gpio.o [1]
GPIO_config             0x08002411  0x26c  Code  Gb  plan_config.o [1]
HEAP$$Base              0x20003028          --   Gb  - Linker created -
HEAP$$Limit             0x20004028          --   Gb  - Linker created -
HardFault_Handler       0x080040c3    0xc  Code  Gb  stm32l1xx_it.o [1]
LED_config              0x08003f19   0x38  Code  Gb  plan_led.o [1]
LED_err_count           0x20005534    0x4  Data  Gb  main.o [1]
LfnOfs                  0x080047ac   0x10  Data  Lc  ff.o [1]
MemManage_Handler       0x080040cf    0x2  Code  Gb  stm32l1xx_it.o [1]
NMI_Handler             0x080040c1    0x2  Code  Gb  stm32l1xx_it.o [1]
NVIC_Init               0x08002c19   0x60  Code  Gb  misc.o [1]
NVIC_SetPriority        0x08001f55   0x22  Code  Lc  plan_utilities.o [1]
NVIC_config             0x0800289d   0x70  Code  Gb  plan_config.o [1]
PLLMulTable             0x20000004    0xc  Data  Lc  stm32l1xx_rcc.o [1]
PendSV_Handler          0x080040d9    0x2  Code  Gb  stm32l1xx_it.o [1]
RCC_AHBPeriphClockCmd   0x08002345   0x20  Code  Gb  stm32l1xx_rcc.o [1]
RCC_APB1PeriphClockCmd  0x08002385   0x20  Code  Gb  stm32l1xx_rcc.o [1]
RCC_APB1PeriphResetCmd  0x080023c5   0x20  Code  Gb  stm32l1xx_rcc.o [1]
RCC_APB2PeriphClockCmd  0x08002365   0x20  Code  Gb  stm32l1xx_rcc.o [1]
RCC_APB2PeriphResetCmd  0x080023a5   0x20  Code  Gb  stm32l1xx_rcc.o [1]
RCC_GetClocksFreq       0x08002265   0xe0  Code  Gb  stm32l1xx_rcc.o [1]
REBUILD_UINT16          0x080035b3   0x1c  Code  Gb  flexsea.o [1]
REBUILD_UINT32          0x080035f7   0x2e  Code  Gb  flexsea.o [1]
RTC_config              0x0800290d    0x2  Code  Gb  plan_config.o [1]
Region$$Table$$Base     0x08004744          --   Gb  - Linker created -
Region$$Table$$Limit    0x08004768          --   Gb  - Linker created -
SD_Detect               0x08001bd5   0x12  Code  Gb  plan_sd.o [1]
SD_Init                 0x08001be7  0x1be  Code  Gb  plan_sd.o [1]
SD_ReadBlock            0x08001ead   0x54  Code  Gb  plan_sd.o [1]
SD_SendCmd              0x08001da5  0x108  Code  Gb  plan_sd.o [1]
SPI_Cmd                 0x08002213   0x1c  Code  Gb  stm32l1xx_spi.o [1]
SPI_I2S_DMACmd          0x08002237   0x18  Code  Gb  stm32l1xx_spi.o [1]
SPI_I2S_DeInit          0x08002171   0x56  Code  Gb  stm32l1xx_spi.o [1]
SPI_I2S_GetFlagStatus   0x0800224f   0x14  Code  Gb  stm32l1xx_spi.o [1]
SPI_I2S_ReceiveData     0x0800222f    0x4  Code  Gb  stm32l1xx_spi.o [1]
SPI_I2S_SendData        0x08002233    0x4  Code  Gb  stm32l1xx_spi.o [1]
SPI_Init                0x080021d5   0x3e  Code  Gb  stm32l1xx_spi.o [1]
SPI_ReadByte            0x08001f45    0xe  Code  Gb  plan_sd.o [1]
SPI_WriteByte           0x08001f01   0x34  Code  Gb  plan_sd.o [1]
SPI_config              0x0800267d   0x62  Code  Gb  plan_config.o [1]
SPLIT_16                0x08003597   0x1c  Code  Gb  flexsea.o [1]
SPLIT_32                0x080035cf   0x28  Code  Gb  flexsea.o [1]
SVC_Handler             0x080040d5    0x2  Code  Gb  stm32l1xx_it.o [1]
SYSCFG_EXTILineConfig   0x08002c89   0x4e  Code  Gb  stm32l1xx_syscfg.o [1]
SetSysClock             0x08003fa3   0xf6  Code  Lc  system_stm32l1xx.o [1]
SysTick_Config          0x08001f77   0x2e  Code  Lc  plan_utilities.o [1]
SysTick_Handler         0x080040db   0x26  Code  Gb  stm32l1xx_it.o [1]
SystemInit              0x08003f51   0x52  Code  Gb  system_stm32l1xx.o [1]
USART_Cmd               0x08002a21   0x1c  Code  Gb  stm32l1xx_usart.o [1]
USART_DMACmd            0x08002a3d   0x18  Code  Gb  stm32l1xx_usart.o [1]
USART_Init              0x08002965   0xb0  Code  Gb  stm32l1xx_usart.o [1]
USART_config            0x080026df   0x5a  Code  Gb  plan_config.o [1]
UsageFault_Handler      0x080040d3    0x2  Code  Gb  stm32l1xx_it.o [1]
__aeabi_memset          0x0800392d         Code  Gb  ABImemset.o [4]
__cmain                 0x08004769         Code  Gb  cmain.o [4]
__data_Aldata           0x20005528    0x8  Data  Gb  xxmemxmalloc.o [3]
__data_GetMemChunk      0x080043f9   0x2c  Code  Gb  xgetmemchunk.o [3]
__data_GetMemChunk::start
                        0x2000553c    0x4  Data  Lc  xgetmemchunk.o [3]
__exit                  0x08004799   0x14  Code  Gb  exit.o [5]
__iar_Memset            0x0800392d         Code  Gb  ABImemset.o [4]
__iar_Memset_word       0x08003935         Code  Gb  ABImemset.o [4]
__iar_copy_init3        0x080046cd   0x2c  Code  Gb  copy_init3.o [4]
__iar_data_init3        0x080046f9   0x28  Code  Gb  data_init.o [4]
__iar_program_start     0x080047e5         Code  Gb  cstartup_M.o [4]
__iar_unaligned___aeabi_memcpy
                        0x080037f1         Code  Gb  ABImemcpy_unaligned.o [4]
__iar_unaligned___aeabi_memcpy4
                        0x08003811         Code  Gb  ABImemcpy_unaligned.o [4]
__iar_unaligned___aeabi_memcpy8
                        0x08003811         Code  Gb  ABImemcpy_unaligned.o [4]
__iar_zero_init3        0x08004661   0x40  Code  Gb  zero_init3.o [4]
__low_level_init        0x08004783    0x4  Code  Gb  low_level_init.o [3]
__vector_table          0x08000000         Data  Gb  startup_stm32l1xx_mdp.o [1]
_call_main              0x08004775         Code  Gb  cmain.o [4]
_exit                   0x0800478d         Code  Gb  cexit.o [4]
_main                   0x0800477f         Code  Gb  cmain.o [4]
batt1                   0x200054dc   0x20  Data  Gb  flexsea_global_structs.o [1]
board_id                0x20000020    0x1  Data  Gb  flexsea_board.o [1]
build_fsm               0x08004225   0xa4  Code  Gb  plan_fsm_builder.o [1]
change_spi_mode         0x08001fc9   0x94  Code  Gb  plan_utilities.o [1]
change_sys_state        0x08003d3d   0x68  Code  Gb  plan_state_system.o [1]
change_sys_state::i     0x20005538    0x4  Data  Lc  plan_state_system.o [1]
check_fs                0x0800113d   0x76  Code  Lc  ff.o [1]
chk_chr                 0x080001af   0x14  Code  Lc  ff.o [1]
clst2sect               0x08000303   0x18  Code  Lc  ff.o [1]
cmdCode                 0x20005548    0x1  Data  Gb  flexsea_system.o [1]
cmdLen                  0x20005542    0x2  Data  Gb  flexsea_system.o [1]
cmdType                 0x20005549    0x1  Data  Gb  flexsea_system.o [1]
cmp_lfn                 0x08000921   0xa6  Code  Lc  ff.o [1]
commSpy1                0x20005518    0x8  Data  Gb  flexsea_comm.o [1]
comm_gen_str            0x08003869   0xc0  Code  Gb  flexsea_comm.o [1]
comm_str_1              0x20005428   0x30  Data  Gb  flexsea_comm.o [1]
create_chain            0x08000581  0x11e  Code  Lc  ff.o [1]
create_name             0x08000d81  0x2e6  Code  Lc  ff.o [1]
dbc_1st                 0x080001c3    0xe  Code  Lc  ff.o [1]
dbc_2nd                 0x080001d1    0xe  Code  Lc  ff.o [1]
dir_alloc               0x08000879   0x5a  Code  Lc  ff.o [1]
dir_clear               0x0800069f   0x64  Code  Lc  ff.o [1]
dir_find                0x08000b1b  0x10e  Code  Lc  ff.o [1]
dir_next                0x080007a7   0xd2  Code  Lc  ff.o [1]
dir_register            0x08000c29  0x158  Code  Lc  ff.o [1]
dir_sdi                 0x08000703   0xa4  Code  Lc  ff.o [1]
disk_initialize         0x08001979   0x42  Code  Gb  plan_fatfs.o [1]
disk_ioctl              0x08001a95    0x6  Code  Gb  plan_fatfs.o [1]
disk_read               0x080019bb   0xd4  Code  Gb  plan_fatfs.o [1]
disk_status             0x08001969   0x10  Code  Gb  plan_fatfs.o [1]
disk_write              0x08001a8f    0x6  Code  Gb  plan_fatfs.o [1]
diskrslt                0x2000554b    0x1  Data  Gb  plan_fatfs.o [1]
diskstat                0x20000022    0x1  Data  Gb  plan_fatfs.o [1]
exec1                   0x20005040  0x3e8  Data  Gb  flexsea_global_structs.o [1]
exit                    0x08004787    0x4  Code  Gb  exit.o [3]
f_close                 0x08001941   0x28  Code  Gb  ff.o [1]
f_mount                 0x080014ef   0x58  Code  Gb  ff.o [1]
f_open                  0x0800154d  0x1d8  Code  Gb  ff.o [1]
f_read                  0x08001725  0x17e  Code  Gb  ff.o [1]
f_sync                  0x080018a3   0x74  Code  Gb  ff.o [1]
ff_oem2uni              0x08001aed   0x34  Code  Gb  ffunicode.o [1]
ff_uni2oem              0x08001aa9   0x44  Code  Gb  ffunicode.o [1]
ff_wtoupper             0x08001b21   0xa8  Code  Gb  ffunicode.o [1]
ff_wtoupper::cvt1       0x08003994  0x1f4  Data  Lc  ffunicode.o [1]
ff_wtoupper::cvt2       0x08004524   0xbc  Data  Lc  ffunicode.o [1]
find_volume             0x080011b9  0x2f0  Code  Lc  ff.o [1]
flexsea_error           0x08003595    0x2  Code  Gb  flexsea.o [1]
flexsea_payload_catchall
                        0x08003669    0x2  Code  Gb  flexsea_system.o [1]
flexsea_payload_ptr     0x20004a18  0x5f4  Data  Gb  flexsea.o [1]
flexsea_send_serial_master
                        0x080037cb    0x2  Code  Gb  flexsea_board.o [1]
flexsea_send_serial_slave
                        0x080037c9    0x2  Code  Gb  flexsea_board.o [1]
follow_path             0x08001067   0x8a  Code  Lc  ff.o [1]
free                    0x08004379   0x7a  Code  Gb  xxmemxfree.o [3]
gen_numname             0x08000a59   0xa2  Code  Lc  ff.o [1]
getBoardID              0x080037cd    0x6  Code  Gb  flexsea_board.o [1]
get_fat                 0x0800031b   0xca  Code  Lc  ff.o [1]
get_ldnumber            0x080010f1   0x4c  Code  Lc  ff.o [1]
init_flexsea_payload_ptr
                        0x08003625   0x42  Code  Gb  flexsea_system.o [1]
init_flexsea_payload_ptr_user
                        0x0800379d   0x2c  Code  Gb  flexsea_cmd_user.o [1]
initialize              0x08003c8b   0x86  Code  Gb  main.o [1]
jsmn_alloc_token        0x08002d95   0x24  Code  Lc  jsmn.o [1]
jsmn_fill_token         0x08002db9    0xc  Code  Lc  jsmn.o [1]
jsmn_init               0x08003191   0x10  Code  Gb  jsmn.o [1]
jsmn_parse              0x08002f47  0x24a  Code  Gb  jsmn.o [1]
jsmn_parse_primitive    0x08002dc5   0x8a  Code  Lc  jsmn.o [1]
jsmn_parse_string       0x08002e4f   0xf8  Code  Lc  jsmn.o [1]
ld_clust                0x080008d3   0x26  Code  Lc  ff.o [1]
ld_dword                0x08000133   0x18  Code  Lc  ff.o [1]
ld_word                 0x08000125    0xe  Code  Lc  ff.o [1]
main                    0x08003b89  0x102  Code  Gb  main.o [1]
malloc                  0x080042c9   0xac  Code  Gb  xxmemxmalloc.o [3]
mem_cmp                 0x08000191   0x1e  Code  Lc  ff.o [1]
mem_cpy                 0x08000171   0x14  Code  Lc  ff.o [1]
mem_set                 0x08000185    0xc  Code  Lc  ff.o [1]
move_window             0x0800022f   0x3c  Code  Lc  ff.o [1]
pack                    0x080036e9   0x32  Code  Gb  flexsea_system.o [1]
packAndSend             0x0800371b   0x76  Code  Gb  flexsea_system.o [1]
pack_P2U                0x08003df3   0x3e  Code  Gb  plan_comm.o [1]
pack_U2P                0x08003e31   0xa6  Code  Gb  plan_comm.o [1]
packet                  0x20004028  0x9f0  Data  Gb  flexsea_comm.o [1]
prepare_empty_payload   0x080037d9   0x18  Code  Gb  flexsea_payload.o [1]
put_fat                 0x080003e5  0x112  Code  Lc  ff.o [1]
put_lfn                 0x080009c7   0x88  Code  Lc  ff.o [1]
remove_chain            0x080004f7   0x8a  Code  Lc  ff.o [1]
resp                    0x20005520    0x8  Data  Gb  plan_sd.o [1]
ricnu_1                 0x2000500c   0x34  Data  Gb  flexsea_global_structs.o [1]
rx_cmd_ricnu_rr         0x08003309  0x262  Code  Gb  cmd-RICNU_Knee_v1.o [1]
rx_cmd_ricnu_rw         0x08003247   0xc2  Code  Gb  cmd-RICNU_Knee_v1.o [1]
rx_cmd_ricnu_w          0x08003589    0xc  Code  Gb  cmd-RICNU_Knee_v1.o [1]
set_tick                0x08001fa5   0x24  Code  Gb  plan_utilities.o [1]
spi_rx_buffer           0x20005488   0x30  Data  Gb  main.o [1]
st_clust                0x080008f9   0x28  Code  Lc  ff.o [1]
st_dword                0x08000159   0x18  Code  Lc  ff.o [1]
st_word                 0x0800014b    0xe  Code  Lc  ff.o [1]
state_time_us           0x20005544    0x2  Data  Gb  main.o [1]
sum_sfn                 0x08000afb   0x20  Code  Lc  ff.o [1]
sync_fs                 0x0800026b   0x98  Code  Lc  ff.o [1]
sync_window             0x080001df   0x50  Code  Lc  ff.o [1]
sys_state               0x20000021    0x1  Data  Gb  main.o [1]
systick_update          0x2000554a    0x1  Data  Gb  main.o [1]
table_size              0x20000000    0x4  Data  Lc  plan_state_system.o [1]
tmpPayload              0x200054b8   0x24  Data  Gb  flexsea_system.o [1]
tmp_comm_str            0x20005458   0x30  Data  Gb  flexsea_system.o [1]
transitionTable         0x080046a0   0x2c  Data  Lc  plan_state_system.o [1]
tx_cmd                  0x0800366b   0x7e  Code  Gb  flexsea_system.o [1]
tx_cmd_ricnu_rw         0x080031a1   0x8c  Code  Gb  cmd-RICNU_Knee_v1.o [1]
tx_cmd_ricnu_w          0x0800322d   0x1a  Code  Gb  cmd-RICNU_Knee_v1.o [1]
uc437                   0x08004424  0x100  Data  Lc  ffunicode.o [1]
update_Manage           0x08003da5   0x3a  Code  Gb  plan_comm.o [1]
update_User             0x08003ddf   0x14  Code  Gb  plan_comm.o [1]
usart_rx_buffer         0x20005546    0x2  Data  Gb  main.o [1]
usart_tx_buffer         0x200054fc   0x1c  Data  Gb  main.o [1]
validate                0x080014a9   0x46  Code  Lc  ff.o [1]


[1] = C:\RICNU-Knee-HLCI\RICNU-Plan\RICNU-Plan-STM32\Project\EWARM\STM32L152RC\Obj
[2] = command line
[3] = dl7M_tln.a
[4] = rt7M_tl.a
[5] = shb_l.a

  17 378 bytes of readonly  code memory
   1 246 bytes of readonly  data memory
  21 831 bytes of readwrite data memory

Errors: none
Warnings: none
